Archive member included to satisfy reference by file (symbol)

c:/st/stm32cubeclt/gnu-tools-for-stm32/bin/../lib/gcc/arm-none-eabi/10.3.1/../../../../arm-none-eabi/lib/thumb/v7e-m+fp/hard\libc_nano.a(lib_a-exit.o)
                              c:/st/stm32cubeclt/gnu-tools-for-stm32/bin/../lib/gcc/arm-none-eabi/10.3.1/../../../../arm-none-eabi/lib/thumb/v7e-m+fp/hard/crt0.o (exit)
c:/st/stm32cubeclt/gnu-tools-for-stm32/bin/../lib/gcc/arm-none-eabi/10.3.1/../../../../arm-none-eabi/lib/thumb/v7e-m+fp/hard\libc_nano.a(lib_a-impure.o)
                              c:/st/stm32cubeclt/gnu-tools-for-stm32/bin/../lib/gcc/arm-none-eabi/10.3.1/../../../../arm-none-eabi/lib/thumb/v7e-m+fp/hard\libc_nano.a(lib_a-exit.o) (_global_impure_ptr)
c:/st/stm32cubeclt/gnu-tools-for-stm32/bin/../lib/gcc/arm-none-eabi/10.3.1/../../../../arm-none-eabi/lib/thumb/v7e-m+fp/hard\libc_nano.a(lib_a-init.o)
                              c:/st/stm32cubeclt/gnu-tools-for-stm32/bin/../lib/gcc/arm-none-eabi/10.3.1/../../../../arm-none-eabi/lib/thumb/v7e-m+fp/hard/crt0.o (__libc_init_array)
c:/st/stm32cubeclt/gnu-tools-for-stm32/bin/../lib/gcc/arm-none-eabi/10.3.1/../../../../arm-none-eabi/lib/thumb/v7e-m+fp/hard\libc_nano.a(lib_a-memset.o)
                              c:/st/stm32cubeclt/gnu-tools-for-stm32/bin/../lib/gcc/arm-none-eabi/10.3.1/../../../../arm-none-eabi/lib/thumb/v7e-m+fp/hard/crt0.o (memset)
c:/st/stm32cubeclt/gnu-tools-for-stm32/bin/../lib/gcc/arm-none-eabi/10.3.1/../../../../arm-none-eabi/lib/thumb/v7e-m+fp/hard\libc_nano.a(lib_a-sprintf.o)
                              build/main.o (sprintf)
c:/st/stm32cubeclt/gnu-tools-for-stm32/bin/../lib/gcc/arm-none-eabi/10.3.1/../../../../arm-none-eabi/lib/thumb/v7e-m+fp/hard\libc_nano.a(lib_a-nano-svfprintf.o)
                              c:/st/stm32cubeclt/gnu-tools-for-stm32/bin/../lib/gcc/arm-none-eabi/10.3.1/../../../../arm-none-eabi/lib/thumb/v7e-m+fp/hard\libc_nano.a(lib_a-sprintf.o) (_svfprintf_r)
c:/st/stm32cubeclt/gnu-tools-for-stm32/bin/../lib/gcc/arm-none-eabi/10.3.1/../../../../arm-none-eabi/lib/thumb/v7e-m+fp/hard\libc_nano.a(lib_a-nano-vfprintf_i.o)
                              c:/st/stm32cubeclt/gnu-tools-for-stm32/bin/../lib/gcc/arm-none-eabi/10.3.1/../../../../arm-none-eabi/lib/thumb/v7e-m+fp/hard\libc_nano.a(lib_a-nano-svfprintf.o) (_printf_i)
c:/st/stm32cubeclt/gnu-tools-for-stm32/bin/../lib/gcc/arm-none-eabi/10.3.1/../../../../arm-none-eabi/lib/thumb/v7e-m+fp/hard\libc_nano.a(lib_a-memchr.o)
                              c:/st/stm32cubeclt/gnu-tools-for-stm32/bin/../lib/gcc/arm-none-eabi/10.3.1/../../../../arm-none-eabi/lib/thumb/v7e-m+fp/hard\libc_nano.a(lib_a-nano-svfprintf.o) (memchr)
c:/st/stm32cubeclt/gnu-tools-for-stm32/bin/../lib/gcc/arm-none-eabi/10.3.1/../../../../arm-none-eabi/lib/thumb/v7e-m+fp/hard\libc_nano.a(lib_a-memcpy-stub.o)
                              c:/st/stm32cubeclt/gnu-tools-for-stm32/bin/../lib/gcc/arm-none-eabi/10.3.1/../../../../arm-none-eabi/lib/thumb/v7e-m+fp/hard\libc_nano.a(lib_a-nano-svfprintf.o) (memcpy)
c:/st/stm32cubeclt/gnu-tools-for-stm32/bin/../lib/gcc/arm-none-eabi/10.3.1/../../../../arm-none-eabi/lib/thumb/v7e-m+fp/hard\libc_nano.a(lib_a-memmove.o)
                              c:/st/stm32cubeclt/gnu-tools-for-stm32/bin/../lib/gcc/arm-none-eabi/10.3.1/../../../../arm-none-eabi/lib/thumb/v7e-m+fp/hard\libc_nano.a(lib_a-nano-svfprintf.o) (memmove)
c:/st/stm32cubeclt/gnu-tools-for-stm32/bin/../lib/gcc/arm-none-eabi/10.3.1/../../../../arm-none-eabi/lib/thumb/v7e-m+fp/hard\libc_nano.a(lib_a-nano-freer.o)
                              c:/st/stm32cubeclt/gnu-tools-for-stm32/bin/../lib/gcc/arm-none-eabi/10.3.1/../../../../arm-none-eabi/lib/thumb/v7e-m+fp/hard\libc_nano.a(lib_a-nano-svfprintf.o) (_free_r)
c:/st/stm32cubeclt/gnu-tools-for-stm32/bin/../lib/gcc/arm-none-eabi/10.3.1/../../../../arm-none-eabi/lib/thumb/v7e-m+fp/hard\libc_nano.a(lib_a-nano-mallocr.o)
                              c:/st/stm32cubeclt/gnu-tools-for-stm32/bin/../lib/gcc/arm-none-eabi/10.3.1/../../../../arm-none-eabi/lib/thumb/v7e-m+fp/hard\libc_nano.a(lib_a-nano-svfprintf.o) (_malloc_r)
c:/st/stm32cubeclt/gnu-tools-for-stm32/bin/../lib/gcc/arm-none-eabi/10.3.1/../../../../arm-none-eabi/lib/thumb/v7e-m+fp/hard\libc_nano.a(lib_a-nano-reallocr.o)
                              c:/st/stm32cubeclt/gnu-tools-for-stm32/bin/../lib/gcc/arm-none-eabi/10.3.1/../../../../arm-none-eabi/lib/thumb/v7e-m+fp/hard\libc_nano.a(lib_a-nano-svfprintf.o) (_realloc_r)
c:/st/stm32cubeclt/gnu-tools-for-stm32/bin/../lib/gcc/arm-none-eabi/10.3.1/../../../../arm-none-eabi/lib/thumb/v7e-m+fp/hard\libc_nano.a(lib_a-sbrkr.o)
                              c:/st/stm32cubeclt/gnu-tools-for-stm32/bin/../lib/gcc/arm-none-eabi/10.3.1/../../../../arm-none-eabi/lib/thumb/v7e-m+fp/hard\libc_nano.a(lib_a-nano-mallocr.o) (_sbrk_r)
c:/st/stm32cubeclt/gnu-tools-for-stm32/bin/../lib/gcc/arm-none-eabi/10.3.1/../../../../arm-none-eabi/lib/thumb/v7e-m+fp/hard\libc_nano.a(lib_a-mlock.o)
[...]
Memory Configuration

Name             Origin             Length             Attributes
RAM              0x0000000020000000 0x0000000000020000 xrw
FLASH            0x0000000008000000 0x0000000000080000 xr
*default*        0x0000000000000000 0xffffffffffffffff

Linker script and memory map

LOAD c:/st/stm32cubeclt/gnu-tools-for-stm32/bin/../lib/gcc/arm-none-eabi/10.3.1/thumb/v7e-m+fp/hard/crti.o
LOAD c:/st/stm32cubeclt/gnu-tools-for-stm32/bin/../lib/gcc/arm-none-eabi/10.3.1/thumb/v7e-m+fp/hard/crtbegin.o
LOAD c:/st/stm32cubeclt/gnu-tools-for-stm32/bin/../lib/gcc/arm-none-eabi/10.3.1/../../../../arm-none-eabi/lib/thumb/v7e-m+fp/hard/crt0.o
LOAD build/main.o
LOAD build/stm32f4xx_it.o
LOAD build/stm32f4xx_hal_msp.o
LOAD build/stm32f4xx_hal_spi.o
LOAD build/stm32f4xx_hal_rcc.o
LOAD build/stm32f4xx_hal_rcc_ex.o
LOAD build/stm32f4xx_hal_flash.o
LOAD build/stm32f4xx_hal_flash_ex.o
LOAD build/stm32f4xx_hal_flash_ramfunc.o
LOAD build/stm32f4xx_hal_gpio.o
LOAD build/stm32f4xx_hal_dma_ex.o
LOAD build/stm32f4xx_hal_dma.o
LOAD build/stm32f4xx_hal_pwr.o
LOAD build/stm32f4xx_hal_pwr_ex.o
LOAD build/stm32f4xx_hal_cortex.o
LOAD build/stm32f4xx_hal.o
LOAD build/stm32f4xx_hal_exti.o
LOAD build/stm32f4xx_hal_tim.o
LOAD build/stm32f4xx_hal_tim_ex.o
LOAD build/system_stm32f4xx.o
LOAD build/stm32f4xx_hal_uart.o
LOAD build/stm32f4xx_hal_can.o
LOAD build/startup_stm32f446xx.o
LOAD c:/st/stm32cubeclt/gnu-tools-for-stm32/bin/../lib/gcc/arm-none-eabi/10.3.1/../../../../arm-none-eabi/lib/thumb/v7e-m+fp/hard\libc_nano.a
LOAD c:/st/stm32cubeclt/gnu-tools-for-stm32/bin/../lib/gcc/arm-none-eabi/10.3.1/../../../../arm-none-eabi/lib/thumb/v7e-m+fp/hard\libm.a
LOAD c:/st/stm32cubeclt/gnu-tools-for-stm32/bin/../lib/gcc/arm-none-eabi/10.3.1/../../../../arm-none-eabi/lib/thumb/v7e-m+fp/hard\libnosys.a
START GROUP
LOAD c:/st/stm32cubeclt/gnu-tools-for-stm32/bin/../lib/gcc/arm-none-eabi/10.3.1/thumb/v7e-m+fp/hard\libgcc.a
LOAD c:/st/stm32cubeclt/gnu-tools-for-stm32/bin/../lib/gcc/arm-none-eabi/10.3.1/../../../../arm-none-eabi/lib/thumb/v7e-m+fp/hard\libc_nano.a
END GROUP
START GROUP
LOAD c:/st/stm32cubeclt/gnu-tools-for-stm32/bin/../lib/gcc/arm-none-eabi/10.3.1/thumb/v7e-m+fp/hard\libgcc.a
LOAD c:/st/stm32cubeclt/gnu-tools-for-stm32/bin/../lib/gcc/arm-none-eabi/10.3.1/../../../../arm-none-eabi/lib/thumb/v7e-m+fp/hard\libc_nano.a
END GROUP
LOAD c:/st/stm32cubeclt/gnu-tools-for-stm32/bin/../lib/gcc/arm-none-eabi/10.3.1/thumb/v7e-m+fp/hard/crtend.o
LOAD c:/st/stm32cubeclt/gnu-tools-for-stm32/bin/../lib/gcc/arm-none-eabi/10.3.1/thumb/v7e-m+fp/hard/crtn.o
                0x0000000020020000                _estack = 0x20020000
                0x0000000000000200                _Min_Heap_Size = 0x200
                0x0000000000000400                _Min_Stack_Size = 0x400

.isr_vector     0x0000000008000000      0x1c4
                0x0000000008000000                . = ALIGN (0x4)
 *(.isr_vector)
 .isr_vector    0x0000000008000000      0x1c4 build/startup_stm32f446xx.o
                0x0000000008000000                g_pfnVectors
                0x00000000080001c4                . = ALIGN (0x4)

.text           0x00000000080001d0     0x3cb0
                0x00000000080001d0                . = ALIGN (0x4)
 *(.text)
 .text          0x00000000080001d0       0x40 c:/st/stm32cubeclt/gnu-tools-for-stm32/bin/../lib/gcc/arm-none-eabi/10.3.1/thumb/v7e-m+fp/hard/crtbegin.o
 .text          0x0000000008000210       0xa0 c:/st/stm32cubeclt/gnu-tools-for-stm32/bin/../lib/gcc/arm-none-eabi/10.3.1/../../../../arm-none-eabi/lib/thumb/v7e-m+fp/hard\libc_nano.a(lib_a-memchr.o)
                0x0000000008000210                memchr
 .text          0x00000000080002b0       0x30 c:/st/stm32cubeclt/gnu-tools-for-stm32/bin/../lib/gcc/arm-none-eabi/10.3.1/thumb/v7e-m+fp/hard\libgcc.a(_aeabi_uldivmod.o)
                0x00000000080002b0                __aeabi_uldivmod
 .text          0x00000000080002e0      0x2d0 c:/st/stm32cubeclt/gnu-tools-for-stm32/bin/../lib/gcc/arm-none-eabi/10.3.1/thumb/v7e-m+fp/hard\libgcc.a(_udivmoddi4.o)
                0x00000000080002e0                __udivmoddi4
 .text          0x00000000080005b0        0x4 c:/st/stm32cubeclt/gnu-tools-for-stm32/bin/../lib/gcc/arm-none-eabi/10.3.1/thumb/v7e-m+fp/hard\libgcc.a(_dvmd_tls.o)
                0x00000000080005b0                __aeabi_idiv0
                0x00000000080005b0                __aeabi_ldiv0
 *(.text*)
 .text.MX_GPIO_Init
                0x00000000080005b4       0x84 build/main.o
 .text.calculateCRC
                0x0000000008000638       0x3c build/main.o
                0x0000000008000638                calculateCRC
 .text.HAL_TIM_PeriodElapsedCallback
                0x0000000008000674       0x24 build/main.o
                0x0000000008000674                HAL_TIM_PeriodElapsedCallback
 .text.Error_Handler
                0x0000000008000698        0x4 build/main.o
                0x0000000008000698                Error_Handler
 .text.HAL_SPI_RxCpltCallback
                0x000000000800069c      0x1bc build/main.o
                0x000000000800069c                HAL_SPI_RxCpltCallback
 .text.HAL_CAN_RxFifo0MsgPendingCallback
                0x0000000008000858       0x8c build/main.o
                0x0000000008000858                HAL_CAN_RxFifo0MsgPendingCallback
 .text.MX_SPI1_Init
                0x00000000080008e4       0x48 build/main.o
 .text.MX_USART2_UART_Init
                0x000000000800092c       0x38 build/main.o
 .text.MX_TIM2_Init
                0x0000000008000964       0x68 build/main.o
 .text.MX_CAN1_Init
                0x00000000080009cc       0x6c build/main.o
 .text.SystemClock_Config
                0x0000000008000a38       0xb0 build/main.o
                0x0000000008000a38                SystemClock_Config
 .text.main     0x0000000008000ae8       0x4c build/main.o
                0x0000000008000ae8                main
 .text.NMI_Handler
                0x0000000008000b34        0x2 build/stm32f4xx_it.o
                0x0000000008000b34                NMI_Handler
 .text.HardFault_Handler
                0x0000000008000b36        0x2 build/stm32f4xx_it.o
                0x0000000008000b36                HardFault_Handler
 .text.MemManage_Handler
                0x0000000008000b38        0x2 build/stm32f4xx_it.o
                0x0000000008000b38                MemManage_Handler
 .text.BusFault_Handler
                0x0000000008000b3a        0x2 build/stm32f4xx_it.o
                0x0000000008000b3a                BusFault_Handler
 .text.UsageFault_Handler
                0x0000000008000b3c        0x2 build/stm32f4xx_it.o
                0x0000000008000b3c                UsageFault_Handler
 .text.SVC_Handler
                0x0000000008000b3e        0x2 build/stm32f4xx_it.o
                0x0000000008000b3e                SVC_Handler
 .text.DebugMon_Handler
                0x0000000008000b40        0x2 build/stm32f4xx_it.o
                0x0000000008000b40                DebugMon_Handler
 .text.PendSV_Handler
                0x0000000008000b42        0x2 build/stm32f4xx_it.o
                0x0000000008000b42                PendSV_Handler
 .text.SysTick_Handler
                0x0000000008000b44        0x8 build/stm32f4xx_it.o
                0x0000000008000b44                SysTick_Handler
 .text.CAN1_RX0_IRQHandler
                0x0000000008000b4c       0x10 build/stm32f4xx_it.o
                0x0000000008000b4c                CAN1_RX0_IRQHandler
 .text.TIM2_IRQHandler
                0x0000000008000b5c       0x10 build/stm32f4xx_it.o
                0x0000000008000b5c                TIM2_IRQHandler
 .text.SPI1_IRQHandler
                0x0000000008000b6c       0x10 build/stm32f4xx_it.o
                0x0000000008000b6c                SPI1_IRQHandler
 .text.USART2_IRQHandler
                0x0000000008000b7c       0x10 build/stm32f4xx_it.o
                0x0000000008000b7c                USART2_IRQHandler
 .text.HAL_MspInit
                0x0000000008000b8c       0x40 build/stm32f4xx_hal_msp.o
                0x0000000008000b8c                HAL_MspInit
 .text.HAL_CAN_MspInit
                0x0000000008000bcc       0x80 build/stm32f4xx_hal_msp.o
                0x0000000008000bcc                HAL_CAN_MspInit
 .text.HAL_SPI_MspInit
                0x0000000008000c4c       0x7c build/stm32f4xx_hal_msp.o
                0x0000000008000c4c                HAL_SPI_MspInit
 .text.HAL_TIM_Base_MspInit
                0x0000000008000cc8       0x3c build/stm32f4xx_hal_msp.o
                0x0000000008000cc8                HAL_TIM_Base_MspInit
 .text.HAL_UART_MspInit
                0x0000000008000d04       0x7c build/stm32f4xx_hal_msp.o
                0x0000000008000d04                HAL_UART_MspInit
 .text.SPI_WaitFlagStateUntilTimeout
                0x0000000008000d80       0xd4 build/stm32f4xx_hal_spi.o
 .text.SPI_EndRxTxTransaction
                0x0000000008000e54       0x68 build/stm32f4xx_hal_spi.o
 .text.SPI_EndRxTransaction
                0x0000000008000ebc       0x8c build/stm32f4xx_hal_spi.o
 .text.HAL_SPI_Init
                0x0000000008000f48       0xbe build/stm32f4xx_hal_spi.o
                0x0000000008000f48                HAL_SPI_Init
 *fill*         0x0000000008001006        0x2 
 .text.HAL_SPI_TransmitReceive_IT
                0x0000000008001008       0xec build/stm32f4xx_hal_spi.o
                0x0000000008001008                HAL_SPI_TransmitReceive_IT
 .text.HAL_SPI_Receive_IT
                0x00000000080010f4       0xdc build/stm32f4xx_hal_spi.o
                0x00000000080010f4                HAL_SPI_Receive_IT
 .text.HAL_SPI_TxRxCpltCallback
                0x00000000080011d0        0x2 build/stm32f4xx_hal_spi.o
                0x00000000080011d0                HAL_SPI_TxRxCpltCallback
 .text.HAL_SPI_ErrorCallback
                0x00000000080011d2        0x2 build/stm32f4xx_hal_spi.o
                0x00000000080011d2                HAL_SPI_ErrorCallback
 .text.SPI_CloseRx_ISR
                0x00000000080011d4       0x56 build/stm32f4xx_hal_spi.o
 .text.SPI_RxISR_8BIT
                0x000000000800122a       0x28 build/stm32f4xx_hal_spi.o
 .text.SPI_RxISR_16BIT
                0x0000000008001252       0x28 build/stm32f4xx_hal_spi.o
 *fill*         0x000000000800127a        0x2 
 .text.SPI_CloseRxTx_ISR
                0x000000000800127c       0xb0 build/stm32f4xx_hal_spi.o
 .text.SPI_2linesTxISR_8BIT
                0x000000000800132c       0x38 build/stm32f4xx_hal_spi.o
 .text.SPI_2linesRxISR_8BIT
                0x0000000008001364       0x38 build/stm32f4xx_hal_spi.o
 .text.SPI_2linesTxISR_16BIT
                0x000000000800139c       0x38 build/stm32f4xx_hal_spi.o
 .text.SPI_2linesRxISR_16BIT
                0x00000000080013d4       0x38 build/stm32f4xx_hal_spi.o
 .text.HAL_SPI_IRQHandler
                0x000000000800140c      0x124 build/stm32f4xx_hal_spi.o
                0x000000000800140c                HAL_SPI_IRQHandler
 .text.SPI_DMAAbortOnError
                0x0000000008001530       0x10 build/stm32f4xx_hal_spi.o
 .text.HAL_RCC_ClockConfig
                0x0000000008001540      0x160 build/stm32f4xx_hal_rcc.o
                0x0000000008001540                HAL_RCC_ClockConfig
 .text.HAL_RCC_GetHCLKFreq
                0x00000000080016a0        0xc build/stm32f4xx_hal_rcc.o
                0x00000000080016a0                HAL_RCC_GetHCLKFreq
 .text.HAL_RCC_GetPCLK1Freq
                0x00000000080016ac       0x20 build/stm32f4xx_hal_rcc.o
                0x00000000080016ac                HAL_RCC_GetPCLK1Freq
 .text.HAL_RCC_GetPCLK2Freq
                0x00000000080016cc       0x20 build/stm32f4xx_hal_rcc.o
                0x00000000080016cc                HAL_RCC_GetPCLK2Freq
 .text.HAL_RCC_GetSysClockFreq
                0x00000000080016ec      0x180 build/stm32f4xx_hal_rcc_ex.o
                0x00000000080016ec                HAL_RCC_GetSysClockFreq
 .text.HAL_RCC_OscConfig
                0x000000000800186c      0x444 build/stm32f4xx_hal_rcc_ex.o
                0x000000000800186c                HAL_RCC_OscConfig
 .text.HAL_GPIO_Init
                0x0000000008001cb0      0x1d8 build/stm32f4xx_hal_gpio.o
                0x0000000008001cb0                HAL_GPIO_Init
 .text.HAL_DMA_Abort
                0x0000000008001e88       0x94 build/stm32f4xx_hal_dma.o
                0x0000000008001e88                HAL_DMA_Abort
 .text.HAL_DMA_Abort_IT
                0x0000000008001f1c       0x26 build/stm32f4xx_hal_dma.o
                0x0000000008001f1c                HAL_DMA_Abort_IT
 *fill*         0x0000000008001f42        0x2 
 .text.HAL_PWREx_EnableOverDrive
                0x0000000008001f44       0x7c build/stm32f4xx_hal_pwr_ex.o
                0x0000000008001f44                HAL_PWREx_EnableOverDrive
 .text.HAL_NVIC_SetPriorityGrouping
                0x0000000008001fc0       0x24 build/stm32f4xx_hal_cortex.o
                0x0000000008001fc0                HAL_NVIC_SetPriorityGrouping
 .text.HAL_NVIC_SetPriority
                0x0000000008001fe4       0x70 build/stm32f4xx_hal_cortex.o
                0x0000000008001fe4                HAL_NVIC_SetPriority
 .text.HAL_NVIC_EnableIRQ
                0x0000000008002054       0x1c build/stm32f4xx_hal_cortex.o
                0x0000000008002054                HAL_NVIC_EnableIRQ
 .text.HAL_SYSTICK_Config
                0x0000000008002070       0x28 build/stm32f4xx_hal_cortex.o
                0x0000000008002070                HAL_SYSTICK_Config
 .text.HAL_InitTick
                0x0000000008002098       0x4c build/stm32f4xx_hal.o
                0x0000000008002098                HAL_InitTick
 .text.HAL_Init
                0x00000000080020e4       0x34 build/stm32f4xx_hal.o
                0x00000000080020e4                HAL_Init
 .text.HAL_IncTick
                0x0000000008002118       0x18 build/stm32f4xx_hal.o
                0x0000000008002118                HAL_IncTick
 .text.HAL_GetTick
                0x0000000008002130        0xc build/stm32f4xx_hal.o
                0x0000000008002130                HAL_GetTick
 .text.TIM_TI1_ConfigInputStage
                0x000000000800213c       0x26 build/stm32f4xx_hal_tim.o
 .text.TIM_TI2_ConfigInputStage
                0x0000000008002162       0x28 build/stm32f4xx_hal_tim.o
 .text.TIM_ITRx_SetConfig
                0x000000000800218a       0x10 build/stm32f4xx_hal_tim.o
 .text.HAL_TIM_OC_DelayElapsedCallback
                0x000000000800219a        0x2 build/stm32f4xx_hal_tim.o
                0x000000000800219a                HAL_TIM_OC_DelayElapsedCallback
 .text.HAL_TIM_IC_CaptureCallback
                0x000000000800219c        0x2 build/stm32f4xx_hal_tim.o
                0x000000000800219c                HAL_TIM_IC_CaptureCallback
 .text.HAL_TIM_PWM_PulseFinishedCallback
                0x000000000800219e        0x2 build/stm32f4xx_hal_tim.o
                0x000000000800219e                HAL_TIM_PWM_PulseFinishedCallback
 .text.HAL_TIM_TriggerCallback
                0x00000000080021a0        0x2 build/stm32f4xx_hal_tim.o
                0x00000000080021a0                HAL_TIM_TriggerCallback
 .text.HAL_TIM_IRQHandler
                0x00000000080021a2      0x17a build/stm32f4xx_hal_tim.o
                0x00000000080021a2                HAL_TIM_IRQHandler
 .text.TIM_Base_SetConfig
                0x000000000800231c       0xc8 build/stm32f4xx_hal_tim.o
                0x000000000800231c                TIM_Base_SetConfig
 .text.HAL_TIM_Base_Init
                0x00000000080023e4       0x58 build/stm32f4xx_hal_tim.o
                0x00000000080023e4                HAL_TIM_Base_Init
 .text.TIM_ETR_SetConfig
                0x000000000800243c       0x1a build/stm32f4xx_hal_tim.o
                0x000000000800243c                TIM_ETR_SetConfig
 .text.HAL_TIM_ConfigClockSource
                0x0000000008002456       0xfe build/stm32f4xx_hal_tim.o
                0x0000000008002456                HAL_TIM_ConfigClockSource
 .text.HAL_TIMEx_MasterConfigSynchronization
                0x0000000008002554       0x8c build/stm32f4xx_hal_tim_ex.o
                0x0000000008002554                HAL_TIMEx_MasterConfigSynchronization
 .text.HAL_TIMEx_CommutCallback
                0x00000000080025e0        0x2 build/stm32f4xx_hal_tim_ex.o
                0x00000000080025e0                HAL_TIMEx_CommutCallback
 .text.HAL_TIMEx_BreakCallback
                0x00000000080025e2        0x2 build/stm32f4xx_hal_tim_ex.o
                0x00000000080025e2                HAL_TIMEx_BreakCallback
 .text.SystemInit
                0x00000000080025e4       0x14 build/system_stm32f4xx.o
                0x00000000080025e4                SystemInit
 .text.UART_EndRxTransfer
                0x00000000080025f8       0x5c build/stm32f4xx_hal_uart.o
 .text.UART_Transmit_IT
                0x0000000008002654       0x60 build/stm32f4xx_hal_uart.o
 .text.UART_SetConfig
                0x00000000080026b4      0x110 build/stm32f4xx_hal_uart.o
 .text.UART_WaitOnFlagUntilTimeout
                0x00000000080027c4       0x88 build/stm32f4xx_hal_uart.o
 .text.HAL_UART_Init
                0x000000000800284c       0x5e build/stm32f4xx_hal_uart.o
                0x000000000800284c                HAL_UART_Init
 .text.HAL_UART_Transmit
                0x00000000080028aa       0xd8 build/stm32f4xx_hal_uart.o
                0x00000000080028aa                HAL_UART_Transmit
 .text.HAL_UART_TxCpltCallback
                0x0000000008002982        0x2 build/stm32f4xx_hal_uart.o
                0x0000000008002982                HAL_UART_TxCpltCallback
 .text.UART_EndTransmit_IT
                0x0000000008002984       0x1a build/stm32f4xx_hal_uart.o
 .text.HAL_UART_RxCpltCallback
                0x000000000800299e        0x2 build/stm32f4xx_hal_uart.o
                0x000000000800299e                HAL_UART_RxCpltCallback
 .text.HAL_UART_ErrorCallback
                0x00000000080029a0        0x2 build/stm32f4xx_hal_uart.o
                0x00000000080029a0                HAL_UART_ErrorCallback
 .text.UART_DMAAbortOnError
                0x00000000080029a2       0x10 build/stm32f4xx_hal_uart.o
 .text.HAL_UARTEx_RxEventCallback
                0x00000000080029b2        0x2 build/stm32f4xx_hal_uart.o
                0x00000000080029b2                HAL_UARTEx_RxEventCallback
 .text.UART_Receive_IT
                0x00000000080029b4       0xe2 build/stm32f4xx_hal_uart.o
 *fill*         0x0000000008002a96        0x2 
 .text.HAL_UART_IRQHandler
                0x0000000008002a98      0x280 build/stm32f4xx_hal_uart.o
                0x0000000008002a98                HAL_UART_IRQHandler
 .text.HAL_CAN_Init
                0x0000000008002d18      0x14c build/stm32f4xx_hal_can.o
                0x0000000008002d18                HAL_CAN_Init
 .text.HAL_CAN_ConfigFilter
                0x0000000008002e64      0x138 build/stm32f4xx_hal_can.o
                0x0000000008002e64                HAL_CAN_ConfigFilter
 .text.HAL_CAN_Start
                0x0000000008002f9c       0x5c build/stm32f4xx_hal_can.o
                0x0000000008002f9c                HAL_CAN_Start
 .text.HAL_CAN_AddTxMessage
                0x0000000008002ff8       0xfc build/stm32f4xx_hal_can.o
                0x0000000008002ff8                HAL_CAN_AddTxMessage
 .text.HAL_CAN_GetRxMessage
                0x00000000080030f4      0x14a build/stm32f4xx_hal_can.o
                0x00000000080030f4                HAL_CAN_GetRxMessage
 .text.HAL_CAN_ActivateNotification
                0x000000000800323e       0x24 build/stm32f4xx_hal_can.o
                0x000000000800323e                HAL_CAN_ActivateNotification
 .text.HAL_CAN_TxMailbox0CompleteCallback
                0x0000000008003262        0x2 build/stm32f4xx_hal_can.o
                0x0000000008003262                HAL_CAN_TxMailbox0CompleteCallback
 .text.HAL_CAN_TxMailbox1CompleteCallback
                0x0000000008003264        0x2 build/stm32f4xx_hal_can.o
                0x0000000008003264                HAL_CAN_TxMailbox1CompleteCallback
 .text.HAL_CAN_TxMailbox2CompleteCallback
                0x0000000008003266        0x2 build/stm32f4xx_hal_can.o
                0x0000000008003266                HAL_CAN_TxMailbox2CompleteCallback
 .text.HAL_CAN_TxMailbox0AbortCallback
                0x0000000008003268        0x2 build/stm32f4xx_hal_can.o
                0x0000000008003268                HAL_CAN_TxMailbox0AbortCallback
 .text.HAL_CAN_TxMailbox1AbortCallback
                0x000000000800326a        0x2 build/stm32f4xx_hal_can.o
                0x000000000800326a                HAL_CAN_TxMailbox1AbortCallback
 .text.HAL_CAN_TxMailbox2AbortCallback
                0x000000000800326c        0x2 build/stm32f4xx_hal_can.o
                0x000000000800326c                HAL_CAN_TxMailbox2AbortCallback
 .text.HAL_CAN_RxFifo0FullCallback
                0x000000000800326e        0x2 build/stm32f4xx_hal_can.o
                0x000000000800326e                HAL_CAN_RxFifo0FullCallback
 .text.HAL_CAN_RxFifo1MsgPendingCallback
                0x0000000008003270        0x2 build/stm32f4xx_hal_can.o
                0x0000000008003270                HAL_CAN_RxFifo1MsgPendingCallback
 .text.HAL_CAN_RxFifo1FullCallback
                0x0000000008003272        0x2 build/stm32f4xx_hal_can.o
                0x0000000008003272                HAL_CAN_RxFifo1FullCallback
 .text.HAL_CAN_SleepCallback
                0x0000000008003274        0x2 build/stm32f4xx_hal_can.o
                0x0000000008003274                HAL_CAN_SleepCallback
 .text.HAL_CAN_WakeUpFromRxMsgCallback
                0x0000000008003276        0x2 build/stm32f4xx_hal_can.o
                0x0000000008003276                HAL_CAN_WakeUpFromRxMsgCallback
 .text.HAL_CAN_ErrorCallback
                0x0000000008003278        0x2 build/stm32f4xx_hal_can.o
                0x0000000008003278                HAL_CAN_ErrorCallback
 .text.HAL_CAN_IRQHandler
                0x000000000800327a      0x24a build/stm32f4xx_hal_can.o
                0x000000000800327a                HAL_CAN_IRQHandler
 .text.Reset_Handler
                0x00000000080034c4       0x50 build/startup_stm32f446xx.o
                0x00000000080034c4                Reset_Handler
 .text.Default_Handler
                0x0000000008003514        0x2 build/startup_stm32f446xx.o
                0x0000000008003514                RTC_Alarm_IRQHandler
                0x0000000008003514                EXTI2_IRQHandler
                0x0000000008003514                TIM8_CC_IRQHandler
                0x0000000008003514                FMPI2C1_EV_IRQHandler
                0x0000000008003514                SPI4_IRQHandler
                0x0000000008003514                TIM1_CC_IRQHandler
                0x0000000008003514                DMA2_Stream5_IRQHandler
                0x0000000008003514                DMA1_Stream5_IRQHandler
                0x0000000008003514                PVD_IRQHandler
                0x0000000008003514                SDIO_IRQHandler
                0x0000000008003514                TAMP_STAMP_IRQHandler
                0x0000000008003514                CAN2_RX1_IRQHandler
                0x0000000008003514                EXTI3_IRQHandler
                0x0000000008003514                TIM8_TRG_COM_TIM14_IRQHandler
                0x0000000008003514                TIM1_UP_TIM10_IRQHandler
                0x0000000008003514                TIM8_UP_TIM13_IRQHandler
                0x0000000008003514                I2C3_ER_IRQHandler
                0x0000000008003514                EXTI0_IRQHandler
                0x0000000008003514                I2C2_EV_IRQHandler
                0x0000000008003514                DMA1_Stream2_IRQHandler
                0x0000000008003514                FPU_IRQHandler
                0x0000000008003514                OTG_HS_WKUP_IRQHandler
                0x0000000008003514                CAN2_SCE_IRQHandler
                0x0000000008003514                DMA2_Stream2_IRQHandler
                0x0000000008003514                TIM6_DAC_IRQHandler
                0x0000000008003514                TIM1_BRK_TIM9_IRQHandler
                0x0000000008003514                DCMI_IRQHandler
                0x0000000008003514                CAN2_RX0_IRQHandler
                0x0000000008003514                DMA2_Stream3_IRQHandler
                0x0000000008003514                SAI2_IRQHandler
                0x0000000008003514                USART6_IRQHandler
                0x0000000008003514                USART3_IRQHandler
                0x0000000008003514                CAN1_RX1_IRQHandler
                0x0000000008003514                UART5_IRQHandler
                0x0000000008003514                DMA2_Stream0_IRQHandler
                0x0000000008003514                TIM4_IRQHandler
                0x0000000008003514                QUADSPI_IRQHandler
                0x0000000008003514                I2C1_EV_IRQHandler
                0x0000000008003514                DMA1_Stream6_IRQHandler
                0x0000000008003514                DMA1_Stream1_IRQHandler
                0x0000000008003514                UART4_IRQHandler
                0x0000000008003514                TIM3_IRQHandler
                0x0000000008003514                RCC_IRQHandler
                0x0000000008003514                TIM8_BRK_TIM12_IRQHandler
                0x0000000008003514                Default_Handler
                0x0000000008003514                CEC_IRQHandler
                0x0000000008003514                EXTI15_10_IRQHandler
                0x0000000008003514                ADC_IRQHandler
                0x0000000008003514                DMA1_Stream7_IRQHandler
                0x0000000008003514                TIM7_IRQHandler
                0x0000000008003514                CAN2_TX_IRQHandler
                0x0000000008003514                TIM5_IRQHandler
                0x0000000008003514                DMA2_Stream7_IRQHandler
                0x0000000008003514                I2C3_EV_IRQHandler
                0x0000000008003514                EXTI9_5_IRQHandler
                0x0000000008003514                RTC_WKUP_IRQHandler
                0x0000000008003514                SPDIF_RX_IRQHandler
                0x0000000008003514                SPI2_IRQHandler
                0x0000000008003514                OTG_HS_EP1_IN_IRQHandler
                0x0000000008003514                DMA1_Stream0_IRQHandler
                0x0000000008003514                CAN1_TX_IRQHandler
                0x0000000008003514                FMPI2C1_ER_IRQHandler
                0x0000000008003514                EXTI4_IRQHandler
                0x0000000008003514                OTG_HS_EP1_OUT_IRQHandler
                0x0000000008003514                WWDG_IRQHandler
                0x0000000008003514                OTG_FS_WKUP_IRQHandler
                0x0000000008003514                TIM1_TRG_COM_TIM11_IRQHandler
                0x0000000008003514                OTG_HS_IRQHandler
                0x0000000008003514                EXTI1_IRQHandler
                0x0000000008003514                I2C2_ER_IRQHandler
                0x0000000008003514                DMA2_Stream1_IRQHandler
                0x0000000008003514                CAN1_SCE_IRQHandler
                0x0000000008003514                FLASH_IRQHandler
                0x0000000008003514                DMA2_Stream4_IRQHandler
                0x0000000008003514                USART1_IRQHandler
                0x0000000008003514                OTG_FS_IRQHandler
                0x0000000008003514                SPI3_IRQHandler
                0x0000000008003514                DMA1_Stream4_IRQHandler
                0x0000000008003514                I2C1_ER_IRQHandler
                0x0000000008003514                FMC_IRQHandler
                0x0000000008003514                DMA2_Stream6_IRQHandler
                0x0000000008003514                SAI1_IRQHandler
                0x0000000008003514                DMA1_Stream3_IRQHandler
 *fill*         0x0000000008003516        0x2 
 .text.__libc_init_array
                0x0000000008003518       0x48 c:/st/stm32cubeclt/gnu-tools-for-stm32/bin/../lib/gcc/arm-none-eabi/10.3.1/../../../../arm-none-eabi/lib/thumb/v7e-m+fp/hard\libc_nano.a(lib_a-init.o)
                0x0000000008003518                __libc_init_array
 .text.memset   0x0000000008003560       0x10 c:/st/stm32cubeclt/gnu-tools-for-stm32/bin/../lib/gcc/arm-none-eabi/10.3.1/../../../../arm-none-eabi/lib/thumb/v7e-m+fp/hard\libc_nano.a(lib_a-memset.o)
                0x0000000008003560                memset
 .text.sprintf  0x0000000008003570       0x40 c:/st/stm32cubeclt/gnu-tools-for-stm32/bin/../lib/gcc/arm-none-eabi/10.3.1/../../../../arm-none-eabi/lib/thumb/v7e-m+fp/hard\libc_nano.a(lib_a-sprintf.o)
                0x0000000008003570                siprintf
                0x0000000008003570                sprintf
 .text.__ssputs_r
                0x00000000080035b0       0xb6 c:/st/stm32cubeclt/gnu-tools-for-stm32/bin/../lib/gcc/arm-none-eabi/10.3.1/../../../../arm-none-eabi/lib/thumb/v7e-m+fp/hard\libc_nano.a(lib_a-nano-svfprintf.o)
                0x00000000080035b0                __ssputs_r
 *fill*         0x0000000008003666        0x2 
 .text._svfprintf_r
                0x0000000008003668      0x200 c:/st/stm32cubeclt/gnu-tools-for-stm32/bin/../lib/gcc/arm-none-eabi/10.3.1/../../../../arm-none-eabi/lib/thumb/v7e-m+fp/hard\libc_nano.a(lib_a-nano-svfprintf.o)
                0x0000000008003668                _svfiprintf_r
                0x0000000008003668                _svfprintf_r
 .text._printf_common
                0x0000000008003868       0xda c:/st/stm32cubeclt/gnu-tools-for-stm32/bin/../lib/gcc/arm-none-eabi/10.3.1/../../../../arm-none-eabi/lib/thumb/v7e-m+fp/hard\libc_nano.a(lib_a-nano-vfprintf_i.o)
                0x0000000008003868                _printf_common
 *fill*         0x0000000008003942        0x2 
 .text._printf_i
                0x0000000008003944      0x24c c:/st/stm32cubeclt/gnu-tools-for-stm32/bin/../lib/gcc/arm-none-eabi/10.3.1/../../../../arm-none-eabi/lib/thumb/v7e-m+fp/hard\libc_nano.a(lib_a-nano-vfprintf_i.o)
                0x0000000008003944                _printf_i
 .text.memcpy   0x0000000008003b90       0x1c c:/st/stm32cubeclt/gnu-tools-for-stm32/bin/../lib/gcc/arm-none-eabi/10.3.1/../../../../arm-none-eabi/lib/thumb/v7e-m+fp/hard\libc_nano.a(lib_a-memcpy-stub.o)
                0x0000000008003b90                memcpy
 .text.memmove  0x0000000008003bac       0x34 c:/st/stm32cubeclt/gnu-tools-for-stm32/bin/../lib/gcc/arm-none-eabi/10.3.1/../../../../arm-none-eabi/lib/thumb/v7e-m+fp/hard\libc_nano.a(lib_a-memmove.o)
                0x0000000008003bac                memmove
 .text._free_r  0x0000000008003be0       0x98 c:/st/stm32cubeclt/gnu-tools-for-stm32/bin/../lib/gcc/arm-none-eabi/10.3.1/../../../../arm-none-eabi/lib/thumb/v7e-m+fp/hard\libc_nano.a(lib_a-nano-freer.o)
                0x0000000008003be0                _free_r
 .text.sbrk_aligned
                0x0000000008003c78       0x40 c:/st/stm32cubeclt/gnu-tools-for-stm32/bin/../lib/gcc/arm-none-eabi/10.3.1/../../../../arm-none-eabi/lib/thumb/v7e-m+fp/hard\libc_nano.a(lib_a-nano-mallocr.o)
 .text._malloc_r
                0x0000000008003cb8       0xe8 c:/st/stm32cubeclt/gnu-tools-for-stm32/bin/../lib/gcc/arm-none-eabi/10.3.1/../../../../arm-none-eabi/lib/thumb/v7e-m+fp/hard\libc_nano.a(lib_a-nano-mallocr.o)
                0x0000000008003cb8                _malloc_r
 .text._realloc_r
                0x0000000008003da0       0x5e c:/st/stm32cubeclt/gnu-tools-for-stm32/bin/../lib/gcc/arm-none-eabi/10.3.1/../../../../arm-none-eabi/lib/thumb/v7e-m+fp/hard\libc_nano.a(lib_a-nano-reallocr.o)
                0x0000000008003da0                _realloc_r
 *fill*         0x0000000008003dfe        0x2 
 .text._sbrk_r  0x0000000008003e00       0x20 c:/st/stm32cubeclt/gnu-tools-for-stm32/bin/../lib/gcc/arm-none-eabi/10.3.1/../../../../arm-none-eabi/lib/thumb/v7e-m+fp/hard\libc_nano.a(lib_a-sbrkr.o)
                0x0000000008003e00                _sbrk_r
 .text.__malloc_lock
                0x0000000008003e20        0xc c:/st/stm32cubeclt/gnu-tools-for-stm32/bin/../lib/gcc/arm-none-eabi/10.3.1/../../../../arm-none-eabi/lib/thumb/v7e-m+fp/hard\libc_nano.a(lib_a-mlock.o)
                0x0000000008003e20                __malloc_lock
 .text.__malloc_unlock
                0x0000000008003e2c        0xc c:/st/stm32cubeclt/gnu-tools-for-stm32/bin/../lib/gcc/arm-none-eabi/10.3.1/../../../../arm-none-eabi/lib/thumb/v7e-m+fp/hard\libc_nano.a(lib_a-mlock.o)
                0x0000000008003e2c                __malloc_unlock
 .text._malloc_usable_size_r
                0x0000000008003e38       0x10 c:/st/stm32cubeclt/gnu-tools-for-stm32/bin/../lib/gcc/arm-none-eabi/10.3.1/../../../../arm-none-eabi/lib/thumb/v7e-m+fp/hard\libc_nano.a(lib_a-nano-msizer.o)
                0x0000000008003e38                _malloc_usable_size_r
 .text.__retarget_lock_acquire_recursive
                0x0000000008003e48        0x2 c:/st/stm32cubeclt/gnu-tools-for-stm32/bin/../lib/gcc/arm-none-eabi/10.3.1/../../../../arm-none-eabi/lib/thumb/v7e-m+fp/hard\libc_nano.a(lib_a-lock.o)
                0x0000000008003e48                __retarget_lock_acquire_recursive
 .text.__retarget_lock_release_recursive
                0x0000000008003e4a        0x2 c:/st/stm32cubeclt/gnu-tools-for-stm32/bin/../lib/gcc/arm-none-eabi/10.3.1/../../../../arm-none-eabi/lib/thumb/v7e-m+fp/hard\libc_nano.a(lib_a-lock.o)
                0x0000000008003e4a                __retarget_lock_release_recursive
 .text._sbrk    0x0000000008003e4c       0x1c c:/st/stm32cubeclt/gnu-tools-for-stm32/bin/../lib/gcc/arm-none-eabi/10.3.1/../../../../arm-none-eabi/lib/thumb/v7e-m+fp/hard\libnosys.a(sbrk.o)
                0x0000000008003e4c                _sbrk
 *(.glue_7)
 .glue_7        0x0000000008003e68        0x0 linker stubs
 *(.glue_7t)
 .glue_7t       0x0000000008003e68        0x0 linker stubs
 *(.eh_frame)
 .eh_frame      0x0000000008003e68        0x0 c:/st/stm32cubeclt/gnu-tools-for-stm32/bin/../lib/gcc/arm-none-eabi/10.3.1/thumb/v7e-m+fp/hard/crtbegin.o
 *(.init)
 .init          0x0000000008003e68        0x4 c:/st/stm32cubeclt/gnu-tools-for-stm32/bin/../lib/gcc/arm-none-eabi/10.3.1/thumb/v7e-m+fp/hard/crti.o
                0x0000000008003e68                _init
 .init          0x0000000008003e6c        0x8 c:/st/stm32cubeclt/gnu-tools-for-stm32/bin/../lib/gcc/arm-none-eabi/10.3.1/thumb/v7e-m+fp/hard/crtn.o
 *(.fini)
 .fini          0x0000000008003e74        0x4 c:/st/stm32cubeclt/gnu-tools-for-stm32/bin/../lib/gcc/arm-none-eabi/10.3.1/thumb/v7e-m+fp/hard/crti.o
                0x0000000008003e74                _fini
 .fini          0x0000000008003e78        0x8 c:/st/stm32cubeclt/gnu-tools-for-stm32/bin/../lib/gcc/arm-none-eabi/10.3.1/thumb/v7e-m+fp/hard/crtn.o
                0x0000000008003e80                . = ALIGN (0x4)
                0x0000000008003e80                _etext = .

.vfp11_veneer   0x0000000008003e80        0x0
 .vfp11_veneer  0x0000000008003e80        0x0 linker stubs

.v4_bx          0x0000000008003e80        0x0
 .v4_bx         0x0000000008003e80        0x0 linker stubs

.iplt           0x0000000008003e80        0x0
 .iplt          0x0000000008003e80        0x0 c:/st/stm32cubeclt/gnu-tools-for-stm32/bin/../lib/gcc/arm-none-eabi/10.3.1/thumb/v7e-m+fp/hard/crtbegin.o

.rodata         0x0000000008003e80       0xd0
                0x0000000008003e80                . = ALIGN (0x4)
 *(.rodata)
 *(.rodata*)
 .rodata.HAL_SPI_RxCpltCallback.str1.4
                0x0000000008003e80       0x4a build/main.o
 *fill*         0x0000000008003eca        0x2 
 .rodata.HAL_CAN_RxFifo0MsgPendingCallback.str1.4
                0x0000000008003ecc       0x37 build/main.o
 *fill*         0x0000000008003f03        0x1 
 .rodata.AHBPrescTable
                0x0000000008003f04       0x10 build/system_stm32f4xx.o
                0x0000000008003f04                AHBPrescTable
 .rodata.APBPrescTable
                0x0000000008003f14        0x8 build/system_stm32f4xx.o
                0x0000000008003f14                APBPrescTable
 .rodata._svfprintf_r.str1.1
                0x0000000008003f1c       0x11 c:/st/stm32cubeclt/gnu-tools-for-stm32/bin/../lib/gcc/arm-none-eabi/10.3.1/../../../../arm-none-eabi/lib/thumb/v7e-m+fp/hard\libc_nano.a(lib_a-nano-svfprintf.o)
 .rodata._printf_i.str1.1
                0x0000000008003f2d       0x22 c:/st/stm32cubeclt/gnu-tools-for-stm32/bin/../lib/gcc/arm-none-eabi/10.3.1/../../../../arm-none-eabi/lib/thumb/v7e-m+fp/hard\libc_nano.a(lib_a-nano-vfprintf_i.o)
                0x0000000008003f50                . = ALIGN (0x4)
 *fill*         0x0000000008003f4f        0x1 

.ARM.extab
 *(.ARM.extab* .gnu.linkonce.armextab.*)

.ARM            0x0000000008003f50        0x8
                0x0000000008003f50                __exidx_start = .
 *(.ARM.exidx*)
 .ARM.exidx     0x0000000008003f50        0x8 c:/st/stm32cubeclt/gnu-tools-for-stm32/bin/../lib/gcc/arm-none-eabi/10.3.1/thumb/v7e-m+fp/hard\libgcc.a(_udivmoddi4.o)
                0x0000000008003f58                __exidx_end = .

.rel.dyn        0x0000000008003f58        0x0
 .rel.iplt      0x0000000008003f58        0x0 c:/st/stm32cubeclt/gnu-tools-for-stm32/bin/../lib/gcc/arm-none-eabi/10.3.1/thumb/v7e-m+fp/hard/crtbegin.o

.preinit_array  0x0000000008003f58        0x0
                0x0000000008003f58                PROVIDE (__preinit_array_start = .)
 *(.preinit_array*)
                0x0000000008003f58                PROVIDE (__preinit_array_end = .)

.init_array     0x0000000008003f58        0x4
                0x0000000008003f58                PROVIDE (__init_array_start = .)
 *(SORT_BY_NAME(.init_array.*))
 *(.init_array*)
 .init_array    0x0000000008003f58        0x4 c:/st/stm32cubeclt/gnu-tools-for-stm32/bin/../lib/gcc/arm-none-eabi/10.3.1/thumb/v7e-m+fp/hard/crtbegin.o
                0x0000000008003f5c                PROVIDE (__init_array_end = .)

.fini_array     0x0000000008003f5c        0x4
                [!provide]                        PROVIDE (__fini_array_start = .)
 *(SORT_BY_NAME(.fini_array.*))
 *(.fini_array*)
 .fini_array    0x0000000008003f5c        0x4 c:/st/stm32cubeclt/gnu-tools-for-stm32/bin/../lib/gcc/arm-none-eabi/10.3.1/thumb/v7e-m+fp/hard/crtbegin.o
                [!provide]                        PROVIDE (__fini_array_end = .)
                0x0000000008003f60                _sidata = LOADADDR (.data)

.data           0x0000000020000000       0xb4 load address 0x0000000008003f60
                0x0000000020000000                . = ALIGN (0x4)
                0x0000000020000000                _sdata = .
 *(.data)
 *(.data*)
 .data.CRCErrorCount
                0x0000000020000000        0x1 build/main.o
                0x0000000020000000                CRCErrorCount
 *fill*         0x0000000020000001        0x3 
 .data.CRCTable
                0x0000000020000004       0x40 build/main.o
                0x0000000020000004                CRCTable
 .data.uwTickFreq
                0x0000000020000044        0x1 build/stm32f4xx_hal.o
                0x0000000020000044                uwTickFreq
 *fill*         0x0000000020000045        0x3 
 .data.uwTickPrio
                0x0000000020000048        0x4 build/stm32f4xx_hal.o
                0x0000000020000048                uwTickPrio
 .data.SystemCoreClock
                0x000000002000004c        0x4 build/system_stm32f4xx.o
                0x000000002000004c                SystemCoreClock
 .data._impure_ptr
                0x0000000020000050        0x4 c:/st/stm32cubeclt/gnu-tools-for-stm32/bin/../lib/gcc/arm-none-eabi/10.3.1/../../../../arm-none-eabi/lib/thumb/v7e-m+fp/hard\libc_nano.a(lib_a-impure.o)
                0x0000000020000050                _impure_ptr
 .data.impure_data
                0x0000000020000054       0x60 c:/st/stm32cubeclt/gnu-tools-for-stm32/bin/../lib/gcc/arm-none-eabi/10.3.1/../../../../arm-none-eabi/lib/thumb/v7e-m+fp/hard\libc_nano.a(lib_a-impure.o)
                0x00000000200000b4                . = ALIGN (0x4)
                0x00000000200000b4                _edata = .

.igot.plt       0x00000000200000b4        0x0 load address 0x0000000008004014
 .igot.plt      0x00000000200000b4        0x0 c:/st/stm32cubeclt/gnu-tools-for-stm32/bin/../lib/gcc/arm-none-eabi/10.3.1/thumb/v7e-m+fp/hard/crtbegin.o
                0x00000000200000b4                . = ALIGN (0x4)

.bss            0x00000000200000b4      0x1d4 load address 0x0000000008004014
                0x00000000200000b4                _sbss = .
                0x00000000200000b4                __bss_start__ = _sbss
 *(.bss)
 .bss           0x00000000200000b4       0x1c c:/st/stm32cubeclt/gnu-tools-for-stm32/bin/../lib/gcc/arm-none-eabi/10.3.1/thumb/v7e-m+fp/hard/crtbegin.o
 *(.bss*)
 .bss.CRCMessage
                0x00000000200000d0        0x4 build/main.o
                0x00000000200000d0                CRCMessage
 .bss.RxData    0x00000000200000d4        0x7 build/main.o
                0x00000000200000d4                RxData
 *fill*         0x00000000200000db        0x1 
 .bss.RxDataCAN
                0x00000000200000dc        0x8 build/main.o
                0x00000000200000dc                RxDataCAN
 .bss.RxHeader  0x00000000200000e4       0x1c build/main.o
                0x00000000200000e4                RxHeader
 .bss.TxDataCAN
                0x0000000020000100        0x8 build/main.o
                0x0000000020000100                TxDataCAN
 .bss.TxHeader  0x0000000020000108       0x18 build/main.o
                0x0000000020000108                TxHeader
 .bss.TxMailbox
                0x0000000020000120        0x4 build/main.o
                0x0000000020000120                TxMailbox
 .bss.buffer    0x0000000020000124       0x32 build/main.o
                0x0000000020000124                buffer
 .bss.encCRC    0x0000000020000156        0x1 build/main.o
                0x0000000020000156                encCRC
 *fill*         0x0000000020000157        0x1 
 .bss.encPosition
                0x0000000020000158        0x4 build/main.o
                0x0000000020000158                encPosition
 .bss.encStatus
                0x000000002000015c        0x1 build/main.o
                0x000000002000015c                encStatus
 *fill*         0x000000002000015d        0x3 
 .bss.hcan1     0x0000000020000160       0x28 build/main.o
                0x0000000020000160                hcan1
 .bss.hspi1     0x0000000020000188       0x58 build/main.o
                0x0000000020000188                hspi1
 .bss.htim2     0x00000000200001e0       0x48 build/main.o
                0x00000000200001e0                htim2
 .bss.huart2    0x0000000020000228       0x44 build/main.o
                0x0000000020000228                huart2
 .bss.printBits
                0x000000002000026c        0x1 build/main.o
                0x000000002000026c                printBits
 *fill*         0x000000002000026d        0x3 
 .bss.uwTick    0x0000000020000270        0x4 build/stm32f4xx_hal.o
                0x0000000020000270                uwTick
 .bss.__malloc_free_list
                0x0000000020000274        0x4 c:/st/stm32cubeclt/gnu-tools-for-stm32/bin/../lib/gcc/arm-none-eabi/10.3.1/../../../../arm-none-eabi/lib/thumb/v7e-m+fp/hard\libc_nano.a(lib_a-nano-mallocr.o)
                0x0000000020000274                __malloc_free_list
 .bss.__malloc_sbrk_start
                0x0000000020000278        0x4 c:/st/stm32cubeclt/gnu-tools-for-stm32/bin/../lib/gcc/arm-none-eabi/10.3.1/../../../../arm-none-eabi/lib/thumb/v7e-m+fp/hard\libc_nano.a(lib_a-nano-mallocr.o)
                0x0000000020000278                __malloc_sbrk_start
 .bss.errno     0x000000002000027c        0x4 c:/st/stm32cubeclt/gnu-tools-for-stm32/bin/../lib/gcc/arm-none-eabi/10.3.1/../../../../arm-none-eabi/lib/thumb/v7e-m+fp/hard\libc_nano.a(lib_a-reent.o)
                0x000000002000027c                errno
 .bss.__lock___malloc_recursive_mutex
                0x0000000020000280        0x1 c:/st/stm32cubeclt/gnu-tools-for-stm32/bin/../lib/gcc/arm-none-eabi/10.3.1/../../../../arm-none-eabi/lib/thumb/v7e-m+fp/hard\libc_nano.a(lib_a-lock.o)
                0x0000000020000280                __lock___malloc_recursive_mutex
 *fill*         0x0000000020000281        0x3 
 .bss.heap_end.0
                0x0000000020000284        0x4 c:/st/stm32cubeclt/gnu-tools-for-stm32/bin/../lib/gcc/arm-none-eabi/10.3.1/../../../../arm-none-eabi/lib/thumb/v7e-m+fp/hard\libnosys.a(sbrk.o)
 *(COMMON)
                0x0000000020000288                . = ALIGN (0x4)
                0x0000000020000288                _ebss = .
                0x0000000020000288                __bss_end__ = _ebss

._user_heap_stack
                0x0000000020000288      0x600 load address 0x0000000008004014
                0x0000000020000288                . = ALIGN (0x8)
                0x0000000020000288                PROVIDE (end = .)
                [!provide]                        PROVIDE (_end = .)
                0x0000000020000488                . = (. + _Min_Heap_Size)
 *fill*         0x0000000020000288      0x200 
                0x0000000020000888                . = (. + _Min_Stack_Size)
 *fill*         0x0000000020000488      0x400 
                0x0000000020000888                . = ALIGN (0x8)

/DISCARD/
 libc.a(*)
 libm.a(*)
 libgcc.a(*)

.ARM.attributes
                0x0000000000000000       0x30
 *(.ARM.attributes)
 .ARM.attributes
                0x0000000000000000       0x1e c:/st/stm32cubeclt/gnu-tools-for-stm32/bin/../lib/gcc/arm-none-eabi/10.3.1/thumb/v7e-m+fp/hard/crti.o
 .ARM.attributes
                0x000000000000001e       0x34 c:/st/stm32cubeclt/gnu-tools-for-stm32/bin/../lib/gcc/arm-none-eabi/10.3.1/thumb/v7e-m+fp/hard/crtbegin.o
 .ARM.attributes
                0x0000000000000052       0x34 build/main.o
 .ARM.attributes
                0x0000000000000086       0x34 build/stm32f4xx_it.o
 .ARM.attributes
                0x00000000000000ba       0x34 build/stm32f4xx_hal_msp.o
 .ARM.attributes
                0x00000000000000ee       0x34 build/stm32f4xx_hal_spi.o
 .ARM.attributes
                0x0000000000000122       0x34 build/stm32f4xx_hal_rcc.o
 .ARM.attributes
                0x0000000000000156       0x34 build/stm32f4xx_hal_rcc_ex.o
 .ARM.attributes
                0x000000000000018a       0x34 build/stm32f4xx_hal_gpio.o
 .ARM.attributes
                0x00000000000001be       0x34 build/stm32f4xx_hal_dma.o
 .ARM.attributes
                0x00000000000001f2       0x34 build/stm32f4xx_hal_pwr_ex.o
 .ARM.attributes
                0x0000000000000226       0x34 build/stm32f4xx_hal_cortex.o
 .ARM.attributes
                0x000000000000025a       0x34 build/stm32f4xx_hal.o
 .ARM.attributes
                0x000000000000028e       0x34 build/stm32f4xx_hal_tim.o
 .ARM.attributes
                0x00000000000002c2       0x34 build/stm32f4xx_hal_tim_ex.o
 .ARM.attributes
                0x00000000000002f6       0x34 build/system_stm32f4xx.o
 .ARM.attributes
                0x000000000000032a       0x34 build/stm32f4xx_hal_uart.o
 .ARM.attributes
                0x000000000000035e       0x34 build/stm32f4xx_hal_can.o
 .ARM.attributes
                0x0000000000000392       0x21 build/startup_stm32f446xx.o
 .ARM.attributes
                0x00000000000003b3       0x34 c:/st/stm32cubeclt/gnu-tools-for-stm32/bin/../lib/gcc/arm-none-eabi/10.3.1/../../../../arm-none-eabi/lib/thumb/v7e-m+fp/hard\libc_nano.a(lib_a-impure.o)
 .ARM.attributes
                0x00000000000003e7       0x34 c:/st/stm32cubeclt/gnu-tools-for-stm32/bin/../lib/gcc/arm-none-eabi/10.3.1/../../../../arm-none-eabi/lib/thumb/v7e-m+fp/hard\libc_nano.a(lib_a-init.o)
 .ARM.attributes
                0x000000000000041b       0x34 c:/st/stm32cubeclt/gnu-tools-for-stm32/bin/../lib/gcc/arm-none-eabi/10.3.1/../../../../arm-none-eabi/lib/thumb/v7e-m+fp/hard\libc_nano.a(lib_a-memset.o)
 .ARM.attributes
                0x000000000000044f       0x34 c:/st/stm32cubeclt/gnu-tools-for-stm32/bin/../lib/gcc/arm-none-eabi/10.3.1/../../../../arm-none-eabi/lib/thumb/v7e-m+fp/hard\libc_nano.a(lib_a-sprintf.o)
 .ARM.attributes
                0x0000000000000483       0x34 c:/st/stm32cubeclt/gnu-tools-for-stm32/bin/../lib/gcc/arm-none-eabi/10.3.1/../../../../arm-none-eabi/lib/thumb/v7e-m+fp/hard\libc_nano.a(lib_a-nano-svfprintf.o)
 .ARM.attributes
                0x00000000000004b7       0x34 c:/st/stm32cubeclt/gnu-tools-for-stm32/bin/../lib/gcc/arm-none-eabi/10.3.1/../../../../arm-none-eabi/lib/thumb/v7e-m+fp/hard\libc_nano.a(lib_a-nano-vfprintf_i.o)
 .ARM.attributes
                0x00000000000004eb       0x1c c:/st/stm32cubeclt/gnu-tools-for-stm32/bin/../lib/gcc/arm-none-eabi/10.3.1/../../../../arm-none-eabi/lib/thumb/v7e-m+fp/hard\libc_nano.a(lib_a-memchr.o)
 .ARM.attributes
                0x0000000000000507       0x34 c:/st/stm32cubeclt/gnu-tools-for-stm32/bin/../lib/gcc/arm-none-eabi/10.3.1/../../../../arm-none-eabi/lib/thumb/v7e-m+fp/hard\libc_nano.a(lib_a-memcpy-stub.o)
 .ARM.attributes
                0x000000000000053b       0x34 c:/st/stm32cubeclt/gnu-tools-for-stm32/bin/../lib/gcc/arm-none-eabi/10.3.1/../../../../arm-none-eabi/lib/thumb/v7e-m+fp/hard\libc_nano.a(lib_a-memmove.o)
 .ARM.attributes
                0x000000000000056f       0x34 c:/st/stm32cubeclt/gnu-tools-for-stm32/bin/../lib/gcc/arm-none-eabi/10.3.1/../../../../arm-none-eabi/lib/thumb/v7e-m+fp/hard\libc_nano.a(lib_a-nano-freer.o)
 .ARM.attributes
                0x00000000000005a3       0x34 c:/st/stm32cubeclt/gnu-tools-for-stm32/bin/../lib/gcc/arm-none-eabi/10.3.1/../../../../arm-none-eabi/lib/thumb/v7e-m+fp/hard\libc_nano.a(lib_a-nano-mallocr.o)
 .ARM.attributes
                0x00000000000005d7       0x34 c:/st/stm32cubeclt/gnu-tools-for-stm32/bin/../lib/gcc/arm-none-eabi/10.3.1/../../../../arm-none-eabi/lib/thumb/v7e-m+fp/hard\libc_nano.a(lib_a-nano-reallocr.o)
 .ARM.attributes
                0x000000000000060b       0x34 c:/st/stm32cubeclt/gnu-tools-for-stm32/bin/../lib/gcc/arm-none-eabi/10.3.1/../../../../arm-none-eabi/lib/thumb/v7e-m+fp/hard\libc_nano.a(lib_a-sbrkr.o)
 .ARM.attributes
                0x000000000000063f       0x34 c:/st/stm32cubeclt/gnu-tools-for-stm32/bin/../lib/gcc/arm-none-eabi/10.3.1/../../../../arm-none-eabi/lib/thumb/v7e-m+fp/hard\libc_nano.a(lib_a-mlock.o)
 .ARM.attributes
                0x0000000000000673       0x34 c:/st/stm32cubeclt/gnu-tools-for-stm32/bin/../lib/gcc/arm-none-eabi/10.3.1/../../../../arm-none-eabi/lib/thumb/v7e-m+fp/hard\libc_nano.a(lib_a-nano-msizer.o)
 .ARM.attributes
                0x00000000000006a7       0x34 c:/st/stm32cubeclt/gnu-tools-for-stm32/bin/../lib/gcc/arm-none-eabi/10.3.1/../../../../arm-none-eabi/lib/thumb/v7e-m+fp/hard\libc_nano.a(lib_a-reent.o)
 .ARM.attributes
                0x00000000000006db       0x34 c:/st/stm32cubeclt/gnu-tools-for-stm32/bin/../lib/gcc/arm-none-eabi/10.3.1/../../../../arm-none-eabi/lib/thumb/v7e-m+fp/hard\libc_nano.a(lib_a-lock.o)
 .ARM.attributes
                0x000000000000070f       0x34 c:/st/stm32cubeclt/gnu-tools-for-stm32/bin/../lib/gcc/arm-none-eabi/10.3.1/../../../../arm-none-eabi/lib/thumb/v7e-m+fp/hard\libnosys.a(sbrk.o)
 .ARM.attributes
                0x0000000000000743       0x1e c:/st/stm32cubeclt/gnu-tools-for-stm32/bin/../lib/gcc/arm-none-eabi/10.3.1/thumb/v7e-m+fp/hard\libgcc.a(_aeabi_uldivmod.o)
 .ARM.attributes
                0x0000000000000761       0x34 c:/st/stm32cubeclt/gnu-tools-for-stm32/bin/../lib/gcc/arm-none-eabi/10.3.1/thumb/v7e-m+fp/hard\libgcc.a(_udivmoddi4.o)
 .ARM.attributes
                0x0000000000000795       0x1e c:/st/stm32cubeclt/gnu-tools-for-stm32/bin/../lib/gcc/arm-none-eabi/10.3.1/thumb/v7e-m+fp/hard\libgcc.a(_dvmd_tls.o)
 .ARM.attributes
                0x00000000000007b3       0x1e c:/st/stm32cubeclt/gnu-tools-for-stm32/bin/../lib/gcc/arm-none-eabi/10.3.1/thumb/v7e-m+fp/hard/crtn.o
OUTPUT(build/AksIM-2-Abs-Rotary-Encoder-CAN.elf elf32-littlearm)
LOAD linker stubs
LOAD c:/st/stm32cubeclt/gnu-tools-for-stm32/bin/../lib/gcc/arm-none-eabi/10.3.1/../../../../arm-none-eabi/lib/thumb/v7e-m+fp/hard\libc.a
LOAD c:/st/stm32cubeclt/gnu-tools-for-stm32/bin/../lib/gcc/arm-none-eabi/10.3.1/../../../../arm-none-eabi/lib/thumb/v7e-m+fp/hard\libm.a
LOAD c:/st/stm32cubeclt/gnu-tools-for-stm32/bin/../lib/gcc/arm-none-eabi/10.3.1/thumb/v7e-m+fp/hard\libgcc.a

.debug_info     0x0000000000000000    0x181f9
 .debug_info    0x0000000000000000     0x23c8 build/main.o
 .debug_info    0x00000000000023c8     0x12a4 build/stm32f4xx_it.o
 .debug_info    0x000000000000366c     0x1b82 build/stm32f4xx_hal_msp.o
 .debug_info    0x00000000000051ee     0x2042 build/stm32f4xx_hal_spi.o
 .debug_info    0x0000000000007230      0xc5d build/stm32f4xx_hal_rcc.o
 .debug_info    0x0000000000007e8d      0xdd1 build/stm32f4xx_hal_rcc_ex.o
 .debug_info    0x0000000000008c5e      0x8ac build/stm32f4xx_hal_gpio.o
 .debug_info    0x000000000000950a      0xbce build/stm32f4xx_hal_dma.o
 .debug_info    0x000000000000a0d8      0x87d build/stm32f4xx_hal_pwr_ex.o
 .debug_info    0x000000000000a955     0x1192 build/stm32f4xx_hal_cortex.o
 .debug_info    0x000000000000bae7      0xb5c build/stm32f4xx_hal.o
 .debug_info    0x000000000000c643     0x40bd build/stm32f4xx_hal_tim.o
 .debug_info    0x0000000000010700     0x1d40 build/stm32f4xx_hal_tim_ex.o
 .debug_info    0x0000000000012440      0x5f7 build/system_stm32f4xx.o
 .debug_info    0x0000000000012a37     0x440a build/stm32f4xx_hal_uart.o
 .debug_info    0x0000000000016e41     0x1396 build/stm32f4xx_hal_can.o
 .debug_info    0x00000000000181d7       0x22 build/startup_stm32f446xx.o

.debug_abbrev   0x0000000000000000     0x2855
 .debug_abbrev  0x0000000000000000      0x325 build/main.o
 .debug_abbrev  0x0000000000000325      0x1b0 build/stm32f4xx_it.o
 .debug_abbrev  0x00000000000004d5      0x232 build/stm32f4xx_hal_msp.o
 .debug_abbrev  0x0000000000000707      0x2c6 build/stm32f4xx_hal_spi.o
 .debug_abbrev  0x00000000000009cd      0x2de build/stm32f4xx_hal_rcc.o
 .debug_abbrev  0x0000000000000cab      0x25f build/stm32f4xx_hal_rcc_ex.o
 .debug_abbrev  0x0000000000000f0a      0x22b build/stm32f4xx_hal_gpio.o
 .debug_abbrev  0x0000000000001135      0x2fe build/stm32f4xx_hal_dma.o
 .debug_abbrev  0x0000000000001433      0x1e0 build/stm32f4xx_hal_pwr_ex.o
 .debug_abbrev  0x0000000000001613      0x382 build/stm32f4xx_hal_cortex.o
 .debug_abbrev  0x0000000000001995      0x244 build/stm32f4xx_hal.o
 .debug_abbrev  0x0000000000001bd9      0x2b6 build/stm32f4xx_hal_tim.o
 .debug_abbrev  0x0000000000001e8f      0x2b0 build/stm32f4xx_hal_tim_ex.o
 .debug_abbrev  0x000000000000213f      0x11b build/system_stm32f4xx.o
 .debug_abbrev  0x000000000000225a      0x368 build/stm32f4xx_hal_uart.o
 .debug_abbrev  0x00000000000025c2      0x281 build/stm32f4xx_hal_can.o
 .debug_abbrev  0x0000000000002843       0x12 build/startup_stm32f446xx.o

.debug_loc      0x0000000000000000    0x14325
 .debug_loc     0x0000000000000000      0x4cc build/main.o
 .debug_loc     0x00000000000004cc       0xa0 build/stm32f4xx_it.o
 .debug_loc     0x000000000000056c      0x3af build/stm32f4xx_hal_msp.o
 .debug_loc     0x000000000000091b     0x2501 build/stm32f4xx_hal_spi.o
 .debug_loc     0x0000000000002e1c      0x6e4 build/stm32f4xx_hal_rcc.o
 .debug_loc     0x0000000000003500     0x100b build/stm32f4xx_hal_rcc_ex.o
 .debug_loc     0x000000000000450b      0x5e8 build/stm32f4xx_hal_gpio.o
 .debug_loc     0x0000000000004af3      0xd6d build/stm32f4xx_hal_dma.o
 .debug_loc     0x0000000000005860      0x378 build/stm32f4xx_hal_pwr_ex.o
 .debug_loc     0x0000000000005bd8      0x7a4 build/stm32f4xx_hal_cortex.o
 .debug_loc     0x000000000000637c      0x1e1 build/stm32f4xx_hal.o
 .debug_loc     0x000000000000655d     0x5bbc build/stm32f4xx_hal_tim.o
 .debug_loc     0x000000000000c119     0x2137 build/stm32f4xx_hal_tim_ex.o
 .debug_loc     0x000000000000e250      0x158 build/system_stm32f4xx.o
 .debug_loc     0x000000000000e3a8     0x502f build/stm32f4xx_hal_uart.o
 .debug_loc     0x00000000000133d7      0xf4e build/stm32f4xx_hal_can.o

.debug_aranges  0x0000000000000000      0xfc8
 .debug_aranges
                0x0000000000000000       0x78 build/main.o
 .debug_aranges
                0x0000000000000078       0x80 build/stm32f4xx_it.o
 .debug_aranges
                0x00000000000000f8       0x60 build/stm32f4xx_hal_msp.o
 .debug_aranges
                0x0000000000000158      0x1d0 build/stm32f4xx_hal_spi.o
 .debug_aranges
                0x0000000000000328       0x88 build/stm32f4xx_hal_rcc.o
 .debug_aranges
                0x00000000000003b0       0x78 build/stm32f4xx_hal_rcc_ex.o
 .debug_aranges
                0x0000000000000428       0x58 build/stm32f4xx_hal_gpio.o
 .debug_aranges
                0x0000000000000480       0x90 build/stm32f4xx_hal_dma.o
 .debug_aranges
                0x0000000000000510       0x60 build/stm32f4xx_hal_pwr_ex.o
 .debug_aranges
                0x0000000000000570       0xa8 build/stm32f4xx_hal_cortex.o
 .debug_aranges
                0x0000000000000618       0xf0 build/stm32f4xx_hal.o
 .debug_aranges
                0x0000000000000708      0x3d0 build/stm32f4xx_hal_tim.o
 .debug_aranges
                0x0000000000000ad8      0x168 build/stm32f4xx_hal_tim_ex.o
 .debug_aranges
                0x0000000000000c40       0x28 build/system_stm32f4xx.o
 .debug_aranges
                0x0000000000000c68      0x200 build/stm32f4xx_hal_uart.o
 .debug_aranges
                0x0000000000000e68      0x138 build/stm32f4xx_hal_can.o
 .debug_aranges
                0x0000000000000fa0       0x28 build/startup_stm32f446xx.o

.debug_ranges   0x0000000000000000      0xf98
 .debug_ranges  0x0000000000000000       0x98 build/main.o
 .debug_ranges  0x0000000000000098       0x70 build/stm32f4xx_it.o
 .debug_ranges  0x0000000000000108       0x50 build/stm32f4xx_hal_msp.o
 .debug_ranges  0x0000000000000158      0x1c0 build/stm32f4xx_hal_spi.o
 .debug_ranges  0x0000000000000318       0x90 build/stm32f4xx_hal_rcc.o
 .debug_ranges  0x00000000000003a8       0x80 build/stm32f4xx_hal_rcc_ex.o
 .debug_ranges  0x0000000000000428       0x48 build/stm32f4xx_hal_gpio.o
 .debug_ranges  0x0000000000000470       0x80 build/stm32f4xx_hal_dma.o
 .debug_ranges  0x00000000000004f0       0x50 build/stm32f4xx_hal_pwr_ex.o
 .debug_ranges  0x0000000000000540       0xf8 build/stm32f4xx_hal_cortex.o
 .debug_ranges  0x0000000000000638       0xe0 build/stm32f4xx_hal.o
 .debug_ranges  0x0000000000000718      0x3c0 build/stm32f4xx_hal_tim.o
 .debug_ranges  0x0000000000000ad8      0x158 build/stm32f4xx_hal_tim_ex.o
 .debug_ranges  0x0000000000000c30       0x18 build/system_stm32f4xx.o
 .debug_ranges  0x0000000000000c48      0x208 build/stm32f4xx_hal_uart.o
 .debug_ranges  0x0000000000000e50      0x128 build/stm32f4xx_hal_can.o
 .debug_ranges  0x0000000000000f78       0x20 build/startup_stm32f446xx.o

.debug_line     0x0000000000000000    0x13b48
 .debug_line    0x0000000000000000      0x9bd build/main.o
 .debug_line    0x00000000000009bd      0x357 build/stm32f4xx_it.o
 .debug_line    0x0000000000000d14      0x462 build/stm32f4xx_hal_msp.o
 .debug_line    0x0000000000001176     0x24d1 build/stm32f4xx_hal_spi.o
 .debug_line    0x0000000000003647      0xaff build/stm32f4xx_hal_rcc.o
 .debug_line    0x0000000000004146     0x1377 build/stm32f4xx_hal_rcc_ex.o
 .debug_line    0x00000000000054bd      0x6bf build/stm32f4xx_hal_gpio.o
 .debug_line    0x0000000000005b7c      0xe10 build/stm32f4xx_hal_dma.o
 .debug_line    0x000000000000698c      0x49a build/stm32f4xx_hal_pwr_ex.o
 .debug_line    0x0000000000006e26      0x760 build/stm32f4xx_hal_cortex.o
 .debug_line    0x0000000000007586      0x54d build/stm32f4xx_hal.o
 .debug_line    0x0000000000007ad3     0x4a90 build/stm32f4xx_hal_tim.o
 .debug_line    0x000000000000c563     0x1cb2 build/stm32f4xx_hal_tim_ex.o
 .debug_line    0x000000000000e215      0x238 build/system_stm32f4xx.o
 .debug_line    0x000000000000e44d     0x45c0 build/stm32f4xx_hal_uart.o
 .debug_line    0x0000000000012a0d     0x10c5 build/stm32f4xx_hal_can.o
 .debug_line    0x0000000000013ad2       0x76 build/startup_stm32f446xx.o

.debug_str      0x0000000000000000     0x4eea
 .debug_str     0x0000000000000000     0x1317 build/main.o
                                       0x1463 (size before relaxing)
 .debug_str     0x0000000000001317      0x147 build/stm32f4xx_it.o
                                        0xe08 (size before relaxing)
 .debug_str     0x000000000000145e      0x655 build/stm32f4xx_hal_msp.o
                                       0x1483 (size before relaxing)
 .debug_str     0x0000000000001ab3      0x545 build/stm32f4xx_hal_spi.o
                                        0xc00 (size before relaxing)
 .debug_str     0x0000000000001ff8      0x1fe build/stm32f4xx_hal_rcc.o
                                        0x736 (size before relaxing)
 .debug_str     0x00000000000021f6      0x344 build/stm32f4xx_hal_rcc_ex.o
                                        0x81d (size before relaxing)
 .debug_str     0x000000000000253a      0x153 build/stm32f4xx_hal_gpio.o
                                        0x50b (size before relaxing)
 .debug_str     0x000000000000268d      0x2c9 build/stm32f4xx_hal_dma.o
                                        0x77c (size before relaxing)
 .debug_str     0x0000000000002956      0x187 build/stm32f4xx_hal_pwr_ex.o
                                        0x4f6 (size before relaxing)
 .debug_str     0x0000000000002add      0x45a build/stm32f4xx_hal_cortex.o
                                        0xc73 (size before relaxing)
 .debug_str     0x0000000000002f37      0x29f build/stm32f4xx_hal.o
                                        0xbd0 (size before relaxing)
 .debug_str     0x00000000000031d6      0xe51 build/stm32f4xx_hal_tim.o
                                       0x16f5 (size before relaxing)
 .debug_str     0x0000000000004027      0x4eb build/stm32f4xx_hal_tim_ex.o
                                        0xf11 (size before relaxing)
 .debug_str     0x0000000000004512       0x47 build/system_stm32f4xx.o
                                        0x3a0 (size before relaxing)
 .debug_str     0x0000000000004559      0x5c5 build/stm32f4xx_hal_uart.o
                                        0xd5f (size before relaxing)
 .debug_str     0x0000000000004b1e      0x3a8 build/stm32f4xx_hal_can.o
                                        0xa51 (size before relaxing)
 .debug_str     0x0000000000004ec6       0x24 build/startup_stm32f446xx.o
                                         0x70 (size before relaxing)

.comment        0x0000000000000000       0x50
 .comment       0x0000000000000000       0x50 build/main.o
                                         0x51 (size before relaxing)
 .comment       0x0000000000000050       0x51 build/stm32f4xx_it.o
 .comment       0x0000000000000050       0x51 build/stm32f4xx_hal_msp.o
 .comment       0x0000000000000050       0x51 build/stm32f4xx_hal_spi.o
 .comment       0x0000000000000050       0x51 build/stm32f4xx_hal_rcc.o
 .comment       0x0000000000000050       0x51 build/stm32f4xx_hal_rcc_ex.o
 .comment       0x0000000000000050       0x51 build/stm32f4xx_hal_gpio.o
 .comment       0x0000000000000050       0x51 build/stm32f4xx_hal_dma.o
 .comment       0x0000000000000050       0x51 build/stm32f4xx_hal_pwr_ex.o
 .comment       0x0000000000000050       0x51 build/stm32f4xx_hal_cortex.o
 .comment       0x0000000000000050       0x51 build/stm32f4xx_hal.o
 .comment       0x0000000000000050       0x51 build/stm32f4xx_hal_tim.o
 .comment       0x0000000000000050       0x51 build/stm32f4xx_hal_tim_ex.o
 .comment       0x0000000000000050       0x51 build/system_stm32f4xx.o
 .comment       0x0000000000000050       0x51 build/stm32f4xx_hal_uart.o
 .comment       0x0000000000000050       0x51 build/stm32f4xx_hal_can.o

.debug_frame    0x0000000000000000     0x2ef4
 .debug_frame   0x0000000000000000      0x154 build/main.o
 .debug_frame   0x0000000000000154      0x108 build/stm32f4xx_it.o
 .debug_frame   0x000000000000025c      0x108 build/stm32f4xx_hal_msp.o
 .debug_frame   0x0000000000000364      0x5a4 build/stm32f4xx_hal_spi.o
 .debug_frame   0x0000000000000908      0x16c build/stm32f4xx_hal_rcc.o
 .debug_frame   0x0000000000000a74      0x14c build/stm32f4xx_hal_rcc_ex.o
 .debug_frame   0x0000000000000bc0       0xd8 build/stm32f4xx_hal_gpio.o
 .debug_frame   0x0000000000000c98      0x188 build/stm32f4xx_hal_dma.o
 .debug_frame   0x0000000000000e20       0xf4 build/stm32f4xx_hal_pwr_ex.o
 .debug_frame   0x0000000000000f14      0x148 build/stm32f4xx_hal_cortex.o
 .debug_frame   0x000000000000105c      0x1ec build/stm32f4xx_hal.o
 .debug_frame   0x0000000000001248      0xb0c build/stm32f4xx_hal_tim.o
 .debug_frame   0x0000000000001d54      0x40c build/stm32f4xx_hal_tim_ex.o
 .debug_frame   0x0000000000002160       0x30 build/system_stm32f4xx.o
 .debug_frame   0x0000000000002190      0x5cc build/stm32f4xx_hal_uart.o
 .debug_frame   0x000000000000275c      0x2d8 build/stm32f4xx_hal_can.o
 .debug_frame   0x0000000000002a34       0x2c c:/st/stm32cubeclt/gnu-tools-for-stm32/bin/../lib/gcc/arm-none-eabi/10.3.1/../../../../arm-none-eabi/lib/thumb/v7e-m+fp/hard\libc_nano.a(lib_a-init.o)
 .debug_frame   0x0000000000002a60       0x20 c:/st/stm32cubeclt/gnu-tools-for-stm32/bin/../lib/gcc/arm-none-eabi/10.3.1/../../../../arm-none-eabi/lib/thumb/v7e-m+fp/hard\libc_nano.a(lib_a-memset.o)
 .debug_frame   0x0000000000002a80       0x6c c:/st/stm32cubeclt/gnu-tools-for-stm32/bin/../lib/gcc/arm-none-eabi/10.3.1/../../../../arm-none-eabi/lib/thumb/v7e-m+fp/hard\libc_nano.a(lib_a-sprintf.o)
 .debug_frame   0x0000000000002aec       0x90 c:/st/stm32cubeclt/gnu-tools-for-stm32/bin/../lib/gcc/arm-none-eabi/10.3.1/../../../../arm-none-eabi/lib/thumb/v7e-m+fp/hard\libc_nano.a(lib_a-nano-svfprintf.o)
 .debug_frame   0x0000000000002b7c       0x60 c:/st/stm32cubeclt/gnu-tools-for-stm32/bin/../lib/gcc/arm-none-eabi/10.3.1/../../../../arm-none-eabi/lib/thumb/v7e-m+fp/hard\libc_nano.a(lib_a-nano-vfprintf_i.o)
 .debug_frame   0x0000000000002bdc       0x28 c:/st/stm32cubeclt/gnu-tools-for-stm32/bin/../lib/gcc/arm-none-eabi/10.3.1/../../../../arm-none-eabi/lib/thumb/v7e-m+fp/hard\libc_nano.a(lib_a-memcpy-stub.o)
 .debug_frame   0x0000000000002c04       0x28 c:/st/stm32cubeclt/gnu-tools-for-stm32/bin/../lib/gcc/arm-none-eabi/10.3.1/../../../../arm-none-eabi/lib/thumb/v7e-m+fp/hard\libc_nano.a(lib_a-memmove.o)
 .debug_frame   0x0000000000002c2c       0x38 c:/st/stm32cubeclt/gnu-tools-for-stm32/bin/../lib/gcc/arm-none-eabi/10.3.1/../../../../arm-none-eabi/lib/thumb/v7e-m+fp/hard\libc_nano.a(lib_a-nano-freer.o)
 .debug_frame   0x0000000000002c64       0x4c c:/st/stm32cubeclt/gnu-tools-for-stm32/bin/../lib/gcc/arm-none-eabi/10.3.1/../../../../arm-none-eabi/lib/thumb/v7e-m+fp/hard\libc_nano.a(lib_a-nano-mallocr.o)
 .debug_frame   0x0000000000002cb0       0x3c c:/st/stm32cubeclt/gnu-tools-for-stm32/bin/../lib/gcc/arm-none-eabi/10.3.1/../../../../arm-none-eabi/lib/thumb/v7e-m+fp/hard\libc_nano.a(lib_a-nano-reallocr.o)
 .debug_frame   0x0000000000002cec       0x2c c:/st/stm32cubeclt/gnu-tools-for-stm32/bin/../lib/gcc/arm-none-eabi/10.3.1/../../../../arm-none-eabi/lib/thumb/v7e-m+fp/hard\libc_nano.a(lib_a-sbrkr.o)
 .debug_frame   0x0000000000002d18       0x30 c:/st/stm32cubeclt/gnu-tools-for-stm32/bin/../lib/gcc/arm-none-eabi/10.3.1/../../../../arm-none-eabi/lib/thumb/v7e-m+fp/hard\libc_nano.a(lib_a-mlock.o)
 .debug_frame   0x0000000000002d48       0x20 c:/st/stm32cubeclt/gnu-tools-for-stm32/bin/../lib/gcc/arm-none-eabi/10.3.1/../../../../arm-none-eabi/lib/thumb/v7e-m+fp/hard\libc_nano.a(lib_a-nano-msizer.o)
 .debug_frame   0x0000000000002d68       0x5c c:/st/stm32cubeclt/gnu-tools-for-stm32/bin/../lib/gcc/arm-none-eabi/10.3.1/../../../../arm-none-eabi/lib/thumb/v7e-m+fp/hard\libc_nano.a(lib_a-reent.o)
 .debug_frame   0x0000000000002dc4       0xb0 c:/st/stm32cubeclt/gnu-tools-for-stm32/bin/../lib/gcc/arm-none-eabi/10.3.1/../../../../arm-none-eabi/lib/thumb/v7e-m+fp/hard\libc_nano.a(lib_a-lock.o)
 .debug_frame   0x0000000000002e74       0x20 c:/st/stm32cubeclt/gnu-tools-for-stm32/bin/../lib/gcc/arm-none-eabi/10.3.1/../../../../arm-none-eabi/lib/thumb/v7e-m+fp/hard\libnosys.a(sbrk.o)
 .debug_frame   0x0000000000002e94       0x2c c:/st/stm32cubeclt/gnu-tools-for-stm32/bin/../lib/gcc/arm-none-eabi/10.3.1/thumb/v7e-m+fp/hard\libgcc.a(_aeabi_uldivmod.o)
 .debug_frame   0x0000000000002ec0       0x34 c:/st/stm32cubeclt/gnu-tools-for-stm32/bin/../lib/gcc/arm-none-eabi/10.3.1/thumb/v7e-m+fp/hard\libgcc.a(_udivmoddi4.o)

Cross Reference Table

Symbol                                            File
ADC_IRQHandler                                    build/startup_stm32f446xx.o
AHBPrescTable                                     build/system_stm32f4xx.o
                                                  build/stm32f4xx_hal_rcc.o
APBPrescTable                                     build/system_stm32f4xx.o
                                                  build/stm32f4xx_hal_rcc.o
BusFault_Handler                                  build/stm32f4xx_it.o
CAN1_RX0_IRQHandler                               build/stm32f4xx_it.o
CAN1_RX1_IRQHandler                               build/startup_stm32f446xx.o
CAN1_SCE_IRQHandler                               build/startup_stm32f446xx.o
CAN1_TX_IRQHandler                                build/startup_stm32f446xx.o
CAN2_RX0_IRQHandler                               build/startup_stm32f446xx.o
CAN2_RX1_IRQHandler                               build/startup_stm32f446xx.o
CAN2_SCE_IRQHandler                               build/startup_stm32f446xx.o
CAN2_TX_IRQHandler                                build/startup_stm32f446xx.o
CEC_IRQHandler                                    build/startup_stm32f446xx.o
CRCErrorCount                                     build/main.o
CRCMessage                                        build/main.o
CRCTable                                          build/main.o
DCMI_IRQHandler                                   build/startup_stm32f446xx.o
DMA1_Stream0_IRQHandler                           build/startup_stm32f446xx.o
DMA1_Stream1_IRQHandler                           build/startup_stm32f446xx.o
DMA1_Stream2_IRQHandler                           build/startup_stm32f446xx.o
DMA1_Stream3_IRQHandler                           build/startup_stm32f446xx.o
DMA1_Stream4_IRQHandler                           build/startup_stm32f446xx.o
DMA1_Stream5_IRQHandler                           build/startup_stm32f446xx.o
DMA1_Stream6_IRQHandler                           build/startup_stm32f446xx.o
DMA1_Stream7_IRQHandler                           build/startup_stm32f446xx.o
DMA2_Stream0_IRQHandler                           build/startup_stm32f446xx.o
DMA2_Stream1_IRQHandler                           build/startup_stm32f446xx.o
DMA2_Stream2_IRQHandler                           build/startup_stm32f446xx.o
DMA2_Stream3_IRQHandler                           build/startup_stm32f446xx.o
DMA2_Stream4_IRQHandler                           build/startup_stm32f446xx.o
DMA2_Stream5_IRQHandler                           build/startup_stm32f446xx.o
DMA2_Stream6_IRQHandler                           build/startup_stm32f446xx.o
DMA2_Stream7_IRQHandler                           build/startup_stm32f446xx.o
DebugMon_Handler                                  build/stm32f4xx_it.o
Default_Handler                                   build/startup_stm32f446xx.o
EXTI0_IRQHandler                                  build/startup_stm32f446xx.o
EXTI15_10_IRQHandler                              build/startup_stm32f446xx.o
EXTI1_IRQHandler                                  build/startup_stm32f446xx.o
EXTI2_IRQHandler                                  build/startup_stm32f446xx.o
EXTI3_IRQHandler                                  build/startup_stm32f446xx.o
EXTI4_IRQHandler                                  build/startup_stm32f446xx.o
EXTI9_5_IRQHandler                                build/startup_stm32f446xx.o
Error_Handler                                     build/main.o
FLASH_Erase_Sector                                build/stm32f4xx_hal_flash_ex.o
                                                  build/stm32f4xx_hal_flash.o
FLASH_FlushCaches                                 build/stm32f4xx_hal_flash_ex.o
                                                  build/stm32f4xx_hal_flash.o
FLASH_IRQHandler                                  build/startup_stm32f446xx.o
FLASH_WaitForLastOperation                        build/stm32f4xx_hal_flash.o
                                                  build/stm32f4xx_hal_flash_ex.o
FMC_IRQHandler                                    build/startup_stm32f446xx.o
FMPI2C1_ER_IRQHandler                             build/startup_stm32f446xx.o
FMPI2C1_EV_IRQHandler                             build/startup_stm32f446xx.o
FPU_IRQHandler                                    build/startup_stm32f446xx.o
HAL_CAN_AbortTxRequest                            build/stm32f4xx_hal_can.o
HAL_CAN_ActivateNotification                      build/stm32f4xx_hal_can.o
                                                  build/main.o
HAL_CAN_AddTxMessage                              build/stm32f4xx_hal_can.o
                                                  build/main.o
HAL_CAN_ConfigFilter                              build/stm32f4xx_hal_can.o
                                                  build/main.o
HAL_CAN_DeInit                                    build/stm32f4xx_hal_can.o
HAL_CAN_DeactivateNotification                    build/stm32f4xx_hal_can.o
HAL_CAN_ErrorCallback                             build/stm32f4xx_hal_can.o
HAL_CAN_GetError                                  build/stm32f4xx_hal_can.o
HAL_CAN_GetRxFifoFillLevel                        build/stm32f4xx_hal_can.o
HAL_CAN_GetRxMessage                              build/stm32f4xx_hal_can.o
                                                  build/main.o
HAL_CAN_GetState                                  build/stm32f4xx_hal_can.o
HAL_CAN_GetTxMailboxesFreeLevel                   build/stm32f4xx_hal_can.o
HAL_CAN_GetTxTimestamp                            build/stm32f4xx_hal_can.o
HAL_CAN_IRQHandler                                build/stm32f4xx_hal_can.o
                                                  build/stm32f4xx_it.o
HAL_CAN_Init                                      build/stm32f4xx_hal_can.o
                                                  build/main.o
HAL_CAN_IsSleepActive                             build/stm32f4xx_hal_can.o
HAL_CAN_IsTxMessagePending                        build/stm32f4xx_hal_can.o
HAL_CAN_MspDeInit                                 build/stm32f4xx_hal_msp.o
HAL_CAN_MspInit                                   build/stm32f4xx_hal_msp.o
HAL_CAN_RequestSleep                              build/stm32f4xx_hal_can.o
HAL_CAN_ResetError                                build/stm32f4xx_hal_can.o
HAL_CAN_RxFifo0FullCallback                       build/stm32f4xx_hal_can.o
HAL_CAN_RxFifo0MsgPendingCallback                 build/main.o
HAL_CAN_RxFifo1FullCallback                       build/stm32f4xx_hal_can.o
HAL_CAN_RxFifo1MsgPendingCallback                 build/stm32f4xx_hal_can.o
HAL_CAN_SleepCallback                             build/stm32f4xx_hal_can.o
HAL_CAN_Start                                     build/stm32f4xx_hal_can.o
                                                  build/main.o
HAL_CAN_Stop                                      build/stm32f4xx_hal_can.o
HAL_CAN_TxMailbox0AbortCallback                   build/stm32f4xx_hal_can.o
HAL_CAN_TxMailbox0CompleteCallback                build/stm32f4xx_hal_can.o
HAL_CAN_TxMailbox1AbortCallback                   build/stm32f4xx_hal_can.o
HAL_CAN_TxMailbox1CompleteCallback                build/stm32f4xx_hal_can.o
HAL_CAN_TxMailbox2AbortCallback                   build/stm32f4xx_hal_can.o
HAL_CAN_TxMailbox2CompleteCallback                build/stm32f4xx_hal_can.o
HAL_CAN_WakeUp                                    build/stm32f4xx_hal_can.o
HAL_CAN_WakeUpFromRxMsgCallback                   build/stm32f4xx_hal_can.o
HAL_DBGMCU_DisableDBGSleepMode                    build/stm32f4xx_hal.o
HAL_DBGMCU_DisableDBGStandbyMode                  build/stm32f4xx_hal.o
HAL_DBGMCU_DisableDBGStopMode                     build/stm32f4xx_hal.o
HAL_DBGMCU_EnableDBGSleepMode                     build/stm32f4xx_hal.o
HAL_DBGMCU_EnableDBGStandbyMode                   build/stm32f4xx_hal.o
HAL_DBGMCU_EnableDBGStopMode                      build/stm32f4xx_hal.o
HAL_DMAEx_ChangeMemory                            build/stm32f4xx_hal_dma_ex.o
HAL_DMAEx_MultiBufferStart                        build/stm32f4xx_hal_dma_ex.o
HAL_DMAEx_MultiBufferStart_IT                     build/stm32f4xx_hal_dma_ex.o
HAL_DMA_Abort                                     build/stm32f4xx_hal_dma.o
                                                  build/stm32f4xx_hal_uart.o
                                                  build/stm32f4xx_hal_spi.o
HAL_DMA_Abort_IT                                  build/stm32f4xx_hal_dma.o
                                                  build/stm32f4xx_hal_uart.o
                                                  build/stm32f4xx_hal_tim_ex.o
                                                  build/stm32f4xx_hal_tim.o
                                                  build/stm32f4xx_hal_spi.o
HAL_DMA_DeInit                                    build/stm32f4xx_hal_dma.o
HAL_DMA_GetError                                  build/stm32f4xx_hal_dma.o
                                                  build/stm32f4xx_hal_uart.o
HAL_DMA_GetState                                  build/stm32f4xx_hal_dma.o
HAL_DMA_IRQHandler                                build/stm32f4xx_hal_dma.o
HAL_DMA_Init                                      build/stm32f4xx_hal_dma.o
HAL_DMA_PollForTransfer                           build/stm32f4xx_hal_dma.o
HAL_DMA_RegisterCallback                          build/stm32f4xx_hal_dma.o
HAL_DMA_Start                                     build/stm32f4xx_hal_dma.o
HAL_DMA_Start_IT                                  build/stm32f4xx_hal_dma.o
                                                  build/stm32f4xx_hal_uart.o
                                                  build/stm32f4xx_hal_tim_ex.o
                                                  build/stm32f4xx_hal_tim.o
                                                  build/stm32f4xx_hal_spi.o
HAL_DMA_UnRegisterCallback                        build/stm32f4xx_hal_dma.o
HAL_DeInit                                        build/stm32f4xx_hal.o
HAL_Delay                                         build/stm32f4xx_hal.o
HAL_DisableCompensationCell                       build/stm32f4xx_hal.o
HAL_EXTI_ClearConfigLine                          build/stm32f4xx_hal_exti.o
HAL_EXTI_ClearPending                             build/stm32f4xx_hal_exti.o
HAL_EXTI_GenerateSWI                              build/stm32f4xx_hal_exti.o
HAL_EXTI_GetConfigLine                            build/stm32f4xx_hal_exti.o
HAL_EXTI_GetHandle                                build/stm32f4xx_hal_exti.o
HAL_EXTI_GetPending                               build/stm32f4xx_hal_exti.o
HAL_EXTI_IRQHandler                               build/stm32f4xx_hal_exti.o
HAL_EXTI_RegisterCallback                         build/stm32f4xx_hal_exti.o
HAL_EXTI_SetConfigLine                            build/stm32f4xx_hal_exti.o
HAL_EnableCompensationCell                        build/stm32f4xx_hal.o
HAL_FLASHEx_AdvOBGetConfig                        build/stm32f4xx_hal_flash_ex.o
HAL_FLASHEx_AdvOBProgram                          build/stm32f4xx_hal_flash_ex.o
HAL_FLASHEx_DisableFlashSleepMode                 build/stm32f4xx_hal_flash_ramfunc.o
HAL_FLASHEx_EnableFlashSleepMode                  build/stm32f4xx_hal_flash_ramfunc.o
HAL_FLASHEx_Erase                                 build/stm32f4xx_hal_flash_ex.o
HAL_FLASHEx_Erase_IT                              build/stm32f4xx_hal_flash_ex.o
HAL_FLASHEx_OBGetConfig                           build/stm32f4xx_hal_flash_ex.o
HAL_FLASHEx_OBProgram                             build/stm32f4xx_hal_flash_ex.o
HAL_FLASHEx_OB_DeSelectPCROP                      build/stm32f4xx_hal_flash_ex.o
HAL_FLASHEx_OB_SelectPCROP                        build/stm32f4xx_hal_flash_ex.o
HAL_FLASHEx_StartFlashInterfaceClk                build/stm32f4xx_hal_flash_ramfunc.o
HAL_FLASHEx_StopFlashInterfaceClk                 build/stm32f4xx_hal_flash_ramfunc.o
HAL_FLASH_EndOfOperationCallback                  build/stm32f4xx_hal_flash.o
HAL_FLASH_GetError                                build/stm32f4xx_hal_flash.o
HAL_FLASH_IRQHandler                              build/stm32f4xx_hal_flash.o
HAL_FLASH_Lock                                    build/stm32f4xx_hal_flash.o
HAL_FLASH_OB_Launch                               build/stm32f4xx_hal_flash.o
HAL_FLASH_OB_Lock                                 build/stm32f4xx_hal_flash.o
HAL_FLASH_OB_Unlock                               build/stm32f4xx_hal_flash.o
HAL_FLASH_OperationErrorCallback                  build/stm32f4xx_hal_flash.o
HAL_FLASH_Program                                 build/stm32f4xx_hal_flash.o
HAL_FLASH_Program_IT                              build/stm32f4xx_hal_flash.o
HAL_FLASH_Unlock                                  build/stm32f4xx_hal_flash.o
HAL_GPIO_DeInit                                   build/stm32f4xx_hal_gpio.o
                                                  build/stm32f4xx_hal_msp.o
HAL_GPIO_EXTI_Callback                            build/stm32f4xx_hal_gpio.o
HAL_GPIO_EXTI_IRQHandler                          build/stm32f4xx_hal_gpio.o
HAL_GPIO_Init                                     build/stm32f4xx_hal_gpio.o
                                                  build/stm32f4xx_hal_rcc.o
                                                  build/stm32f4xx_hal_msp.o
                                                  build/main.o
HAL_GPIO_LockPin                                  build/stm32f4xx_hal_gpio.o
HAL_GPIO_ReadPin                                  build/stm32f4xx_hal_gpio.o
HAL_GPIO_TogglePin                                build/stm32f4xx_hal_gpio.o
HAL_GPIO_WritePin                                 build/stm32f4xx_hal_gpio.o
HAL_GetDEVID                                      build/stm32f4xx_hal.o
HAL_GetHalVersion                                 build/stm32f4xx_hal.o
HAL_GetREVID                                      build/stm32f4xx_hal.o
HAL_GetTick                                       build/stm32f4xx_hal.o
                                                  build/stm32f4xx_hal_can.o
                                                  build/stm32f4xx_hal_uart.o
                                                  build/stm32f4xx_hal_pwr_ex.o
                                                  build/stm32f4xx_hal_dma.o
                                                  build/stm32f4xx_hal_flash.o
                                                  build/stm32f4xx_hal_rcc_ex.o
                                                  build/stm32f4xx_hal_rcc.o
                                                  build/stm32f4xx_hal_spi.o
HAL_GetTickFreq                                   build/stm32f4xx_hal.o
HAL_GetTickPrio                                   build/stm32f4xx_hal.o
HAL_GetUIDw0                                      build/stm32f4xx_hal.o
HAL_GetUIDw1                                      build/stm32f4xx_hal.o
HAL_GetUIDw2                                      build/stm32f4xx_hal.o
HAL_HalfDuplex_EnableReceiver                     build/stm32f4xx_hal_uart.o
HAL_HalfDuplex_EnableTransmitter                  build/stm32f4xx_hal_uart.o
HAL_HalfDuplex_Init                               build/stm32f4xx_hal_uart.o
HAL_IncTick                                       build/stm32f4xx_hal.o
                                                  build/stm32f4xx_it.o
HAL_Init                                          build/stm32f4xx_hal.o
                                                  build/main.o
HAL_InitTick                                      build/stm32f4xx_hal.o
                                                  build/stm32f4xx_hal_rcc_ex.o
                                                  build/stm32f4xx_hal_rcc.o
HAL_LIN_Init                                      build/stm32f4xx_hal_uart.o
HAL_LIN_SendBreak                                 build/stm32f4xx_hal_uart.o
HAL_MPU_ConfigRegion                              build/stm32f4xx_hal_cortex.o
HAL_MPU_Disable                                   build/stm32f4xx_hal_cortex.o
HAL_MPU_Enable                                    build/stm32f4xx_hal_cortex.o
HAL_MspDeInit                                     build/stm32f4xx_hal.o
HAL_MspInit                                       build/stm32f4xx_hal_msp.o
HAL_MultiProcessor_EnterMuteMode                  build/stm32f4xx_hal_uart.o
HAL_MultiProcessor_ExitMuteMode                   build/stm32f4xx_hal_uart.o
HAL_MultiProcessor_Init                           build/stm32f4xx_hal_uart.o
HAL_NVIC_ClearPendingIRQ                          build/stm32f4xx_hal_cortex.o
HAL_NVIC_DisableIRQ                               build/stm32f4xx_hal_cortex.o
                                                  build/stm32f4xx_hal_msp.o
HAL_NVIC_EnableIRQ                                build/stm32f4xx_hal_cortex.o
                                                  build/stm32f4xx_hal_msp.o
HAL_NVIC_GetActive                                build/stm32f4xx_hal_cortex.o
HAL_NVIC_GetPendingIRQ                            build/stm32f4xx_hal_cortex.o
HAL_NVIC_GetPriority                              build/stm32f4xx_hal_cortex.o
HAL_NVIC_GetPriorityGrouping                      build/stm32f4xx_hal_cortex.o
HAL_NVIC_SetPendingIRQ                            build/stm32f4xx_hal_cortex.o
HAL_NVIC_SetPriority                              build/stm32f4xx_hal_cortex.o
                                                  build/stm32f4xx_hal.o
                                                  build/stm32f4xx_hal_msp.o
HAL_NVIC_SetPriorityGrouping                      build/stm32f4xx_hal_cortex.o
                                                  build/stm32f4xx_hal.o
                                                  build/stm32f4xx_hal_msp.o
HAL_NVIC_SystemReset                              build/stm32f4xx_hal_cortex.o
HAL_PWREx_ControlVoltageScaling                   build/stm32f4xx_hal_pwr_ex.o
HAL_PWREx_DisableBkUpReg                          build/stm32f4xx_hal_pwr_ex.o
HAL_PWREx_DisableFlashPowerDown                   build/stm32f4xx_hal_pwr_ex.o
HAL_PWREx_DisableOverDrive                        build/stm32f4xx_hal_pwr_ex.o
HAL_PWREx_EnableBkUpReg                           build/stm32f4xx_hal_pwr_ex.o
HAL_PWREx_EnableFlashPowerDown                    build/stm32f4xx_hal_pwr_ex.o
HAL_PWREx_EnableOverDrive                         build/stm32f4xx_hal_pwr_ex.o
                                                  build/main.o
HAL_PWREx_EnterUnderDriveSTOPMode                 build/stm32f4xx_hal_pwr_ex.o
HAL_PWREx_GetVoltageRange                         build/stm32f4xx_hal_pwr_ex.o
HAL_PWR_ConfigPVD                                 build/stm32f4xx_hal_pwr.o
HAL_PWR_DeInit                                    build/stm32f4xx_hal_pwr.o
HAL_PWR_DisableBkUpAccess                         build/stm32f4xx_hal_pwr.o
HAL_PWR_DisablePVD                                build/stm32f4xx_hal_pwr.o
HAL_PWR_DisableSEVOnPend                          build/stm32f4xx_hal_pwr.o
HAL_PWR_DisableSleepOnExit                        build/stm32f4xx_hal_pwr.o
HAL_PWR_DisableWakeUpPin                          build/stm32f4xx_hal_pwr.o
HAL_PWR_EnableBkUpAccess                          build/stm32f4xx_hal_pwr.o
HAL_PWR_EnablePVD                                 build/stm32f4xx_hal_pwr.o
HAL_PWR_EnableSEVOnPend                           build/stm32f4xx_hal_pwr.o
HAL_PWR_EnableSleepOnExit                         build/stm32f4xx_hal_pwr.o
HAL_PWR_EnableWakeUpPin                           build/stm32f4xx_hal_pwr.o
HAL_PWR_EnterSLEEPMode                            build/stm32f4xx_hal_pwr.o
HAL_PWR_EnterSTANDBYMode                          build/stm32f4xx_hal_pwr.o
HAL_PWR_EnterSTOPMode                             build/stm32f4xx_hal_pwr.o
HAL_PWR_PVDCallback                               build/stm32f4xx_hal_pwr.o
HAL_PWR_PVD_IRQHandler                            build/stm32f4xx_hal_pwr.o
HAL_RCCEx_DisablePLLI2S                           build/stm32f4xx_hal_rcc_ex.o
HAL_RCCEx_DisablePLLSAI                           build/stm32f4xx_hal_rcc_ex.o
HAL_RCCEx_EnablePLLI2S                            build/stm32f4xx_hal_rcc_ex.o
HAL_RCCEx_EnablePLLSAI                            build/stm32f4xx_hal_rcc_ex.o
HAL_RCCEx_GetPeriphCLKConfig                      build/stm32f4xx_hal_rcc_ex.o
HAL_RCCEx_GetPeriphCLKFreq                        build/stm32f4xx_hal_rcc_ex.o
HAL_RCCEx_PeriphCLKConfig                         build/stm32f4xx_hal_rcc_ex.o
HAL_RCCEx_SelectLSEMode                           build/stm32f4xx_hal_rcc_ex.o
HAL_RCC_CSSCallback                               build/stm32f4xx_hal_rcc.o
HAL_RCC_ClockConfig                               build/stm32f4xx_hal_rcc.o
                                                  build/main.o
HAL_RCC_DeInit                                    build/stm32f4xx_hal_rcc_ex.o
                                                  build/stm32f4xx_hal_rcc.o
HAL_RCC_DisableCSS                                build/stm32f4xx_hal_rcc.o
HAL_RCC_EnableCSS                                 build/stm32f4xx_hal_rcc.o
HAL_RCC_GetClockConfig                            build/stm32f4xx_hal_rcc.o
HAL_RCC_GetHCLKFreq                               build/stm32f4xx_hal_rcc.o
HAL_RCC_GetOscConfig                              build/stm32f4xx_hal_rcc_ex.o
                                                  build/stm32f4xx_hal_rcc.o
HAL_RCC_GetPCLK1Freq                              build/stm32f4xx_hal_rcc.o
                                                  build/stm32f4xx_hal_uart.o
HAL_RCC_GetPCLK2Freq                              build/stm32f4xx_hal_rcc.o
                                                  build/stm32f4xx_hal_uart.o
HAL_RCC_GetSysClockFreq                           build/stm32f4xx_hal_rcc_ex.o
                                                  build/stm32f4xx_hal_rcc.o
HAL_RCC_MCOConfig                                 build/stm32f4xx_hal_rcc.o
HAL_RCC_NMI_IRQHandler                            build/stm32f4xx_hal_rcc.o
HAL_RCC_OscConfig                                 build/stm32f4xx_hal_rcc_ex.o
                                                  build/stm32f4xx_hal_rcc.o
                                                  build/main.o
HAL_ResumeTick                                    build/stm32f4xx_hal.o
HAL_SPI_Abort                                     build/stm32f4xx_hal_spi.o
HAL_SPI_AbortCpltCallback                         build/stm32f4xx_hal_spi.o
HAL_SPI_Abort_IT                                  build/stm32f4xx_hal_spi.o
HAL_SPI_DMAPause                                  build/stm32f4xx_hal_spi.o
HAL_SPI_DMAResume                                 build/stm32f4xx_hal_spi.o
HAL_SPI_DMAStop                                   build/stm32f4xx_hal_spi.o
HAL_SPI_DeInit                                    build/stm32f4xx_hal_spi.o
HAL_SPI_ErrorCallback                             build/stm32f4xx_hal_spi.o
HAL_SPI_GetError                                  build/stm32f4xx_hal_spi.o
HAL_SPI_GetState                                  build/stm32f4xx_hal_spi.o
HAL_SPI_IRQHandler                                build/stm32f4xx_hal_spi.o
                                                  build/stm32f4xx_it.o
HAL_SPI_Init                                      build/stm32f4xx_hal_spi.o
                                                  build/main.o
HAL_SPI_MspDeInit                                 build/stm32f4xx_hal_msp.o
HAL_SPI_MspInit                                   build/stm32f4xx_hal_msp.o
HAL_SPI_Receive                                   build/stm32f4xx_hal_spi.o
HAL_SPI_Receive_DMA                               build/stm32f4xx_hal_spi.o
HAL_SPI_Receive_IT                                build/stm32f4xx_hal_spi.o
                                                  build/main.o
HAL_SPI_RxCpltCallback                            build/main.o
HAL_SPI_RxHalfCpltCallback                        build/stm32f4xx_hal_spi.o
HAL_SPI_Transmit                                  build/stm32f4xx_hal_spi.o
HAL_SPI_TransmitReceive                           build/stm32f4xx_hal_spi.o
HAL_SPI_TransmitReceive_DMA                       build/stm32f4xx_hal_spi.o
HAL_SPI_TransmitReceive_IT                        build/stm32f4xx_hal_spi.o
HAL_SPI_Transmit_DMA                              build/stm32f4xx_hal_spi.o
HAL_SPI_Transmit_IT                               build/stm32f4xx_hal_spi.o
HAL_SPI_TxCpltCallback                            build/stm32f4xx_hal_spi.o
HAL_SPI_TxHalfCpltCallback                        build/stm32f4xx_hal_spi.o
HAL_SPI_TxRxCpltCallback                          build/stm32f4xx_hal_spi.o
HAL_SPI_TxRxHalfCpltCallback                      build/stm32f4xx_hal_spi.o
HAL_SYSTICK_CLKSourceConfig                       build/stm32f4xx_hal_cortex.o
HAL_SYSTICK_Callback                              build/stm32f4xx_hal_cortex.o
HAL_SYSTICK_Config                                build/stm32f4xx_hal_cortex.o
                                                  build/stm32f4xx_hal.o
HAL_SYSTICK_IRQHandler                            build/stm32f4xx_hal_cortex.o
HAL_SetTickFreq                                   build/stm32f4xx_hal.o
HAL_SuspendTick                                   build/stm32f4xx_hal.o
HAL_TIMEx_BreakCallback                           build/stm32f4xx_hal_tim_ex.o
                                                  build/stm32f4xx_hal_tim.o
HAL_TIMEx_CommutCallback                          build/stm32f4xx_hal_tim_ex.o
                                                  build/stm32f4xx_hal_tim.o
HAL_TIMEx_CommutHalfCpltCallback                  build/stm32f4xx_hal_tim_ex.o
HAL_TIMEx_ConfigBreakDeadTime                     build/stm32f4xx_hal_tim_ex.o
HAL_TIMEx_ConfigCommutEvent                       build/stm32f4xx_hal_tim_ex.o
HAL_TIMEx_ConfigCommutEvent_DMA                   build/stm32f4xx_hal_tim_ex.o
HAL_TIMEx_ConfigCommutEvent_IT                    build/stm32f4xx_hal_tim_ex.o
HAL_TIMEx_GetChannelNState                        build/stm32f4xx_hal_tim_ex.o
HAL_TIMEx_HallSensor_DeInit                       build/stm32f4xx_hal_tim_ex.o
HAL_TIMEx_HallSensor_GetState                     build/stm32f4xx_hal_tim_ex.o